<html>
<body>
<pre>
<h1>µVision Build Log</h1>
<h2>Tool Versions:</h2>
IDE-Version: ¦ÌVision V5.33.0.0
Copyright (C) 2020 ARM Ltd and ARM Germany GmbH. All rights reserved.
License Information: Z WY, ZWY, LIC=76F5U-SY21E-013P1-CLQGJ-X4RUN-5ISAD
 
Tool Versions:
Toolchain:       MDK-ARM Plus  Version: 5.33.0.0
Toolchain Path:  D:\Keil_v5\ARM\ARMCC\Bin
C Compiler:      Armcc.exe V5.06 update 7 (build 960)
Assembler:       Armasm.exe V5.06 update 7 (build 960)
Linker/Locator:  ArmLink.exe V5.06 update 7 (build 960)
Library Manager: ArmAr.exe V5.06 update 7 (build 960)
Hex Converter:   FromElf.exe V5.06 update 7 (build 960)
CPU DLL:         SARMCM3.DLL V5.33.0.0
Dialog DLL:      DCM.DLL V1.17.3.0
Target DLL:      CMSIS_AGDI.dll V1.32.12.0
Dialog DLL:      TCM.DLL V1.48.0.0
 
<h2>Project:</h2>
e:\learn\freertos_new\Project\RVMDK£¨uv5£©\Fire_FreeRTOS.uvprojx
Project File Date:  03/18/2026

<h2>Output:</h2>
*** Using Compiler 'V5.06 update 7 (build 960)', folder: 'D:\Keil_v5\ARM\ARMCC\Bin'
Rebuild target 'Fire_FreeRTOS'
assembling startup_stm32f40xx.s...
compiling misc.c...
compiling stm32f4xx_adc.c...
compiling stm32f4xx_crc.c...
compiling stm32f4xx_can.c...
compiling system_stm32f4xx.c...
compiling stm32f4xx_cec.c...
compiling stm32f4xx_cryp.c...
compiling stm32f4xx_cryp_aes.c...
compiling stm32f4xx_cryp_tdes.c...
compiling stm32f4xx_cryp_des.c...
compiling stm32f4xx_dbgmcu.c...
compiling stm32f4xx_dcmi.c...
compiling stm32f4xx_dac.c...
compiling stm32f4xx_exti.c...
compiling stm32f4xx_dma.c...
compiling stm32f4xx_flash.c...
compiling stm32f4xx_flash_ramfunc.c...
compiling stm32f4xx_fmpi2c.c...
compiling stm32f4xx_fsmc.c...
compiling stm32f4xx_hash_md5.c...
compiling stm32f4xx_gpio.c...
compiling stm32f4xx_hash_sha1.c...
compiling stm32f4xx_hash.c...
compiling stm32f4xx_i2c.c...
compiling stm32f4xx_iwdg.c...
compiling stm32f4xx_pwr.c...
compiling stm32f4xx_qspi.c...
compiling stm32f4xx_rng.c...
compiling stm32f4xx_rcc.c...
compiling stm32f4xx_sai.c...
compiling stm32f4xx_sdio.c...
compiling stm32f4xx_rtc.c...
compiling stm32f4xx_spdifrx.c...
compiling stm32f4xx_spi.c...
compiling stm32f4xx_syscfg.c...
compiling stm32f4xx_usart.c...
compiling stm32f4xx_wwdg.c...
compiling stm32f4xx_tim.c...
compiling stm32f4xx_it.c...
compiling main.c...
..\..\User\delay\delay.h(11): warning:  #1-D: last line of file ends without a newline
  #endif /* __DELAY_H */
..\..\User\main.c(216): warning:  #870-D: invalid multibyte character sequence
      printf("ï¿½ï¿½ï¿½ï¿½LED_Taskï¿½ï¿½ï¿½ï¿½É¹ï¿?!\n");
..\..\User\main.c(226): warning:  #870-D: invalid multibyte character sequence
      printf("ï¿½ï¿½ï¿½ï¿½Key_Taskï¿½ï¿½ï¿½ï¿½É¹ï¿?!\n");
..\..\User\main.c(236): warning:  #870-D: invalid multibyte character sequence
      printf("ï¿½ï¿½ï¿½ï¿½Uart_Taskï¿½ï¿½ï¿½ï¿½É¹ï¿?!\n");
..\..\User\main.c(248): warning:  #870-D: invalid multibyte character sequence
  	 printf("ï¿½ï¿½ï¿½ï¿½task_parse_and_execute_commandï¿½ï¿½ï¿½ï¿½É¹ï¿?!\r\n");
..\..\User\main.c(253): warning:  #870-D: invalid multibyte character sequence
  	  printf("ï¿½ï¿½ï¿½ï¿½KalmanTaskï¿½ï¿½ï¿½ï¿½É¹ï¿?!\r\n");
..\..\User\main.c(320): warning:  #177-D: variable "xReturn"  was declared but never referenced
    BaseType_t xReturn = pdPASS;/* ï¿½ï¿½ï¿½ï¿½Ò»ï¿½ï¿½ï¿½ï¿½ï¿½ï¿½ï¿½ï¿½Ï¢ï¿½ï¿½ï¿½ï¿½Öµï¿½ï¿½Ä¬ï¿½ï¿½ÎªpdPASS */
..\..\User\main.c(321): warning:  #177-D: variable "r_queue"  was declared but never referenced
    uint32_t r_queue;	/* ï¿½ï¿½ï¿½ï¿½Ò»ï¿½ï¿½ï¿½ï¿½ï¿½ï¿½ï¿½ï¿½Ï¢ï¿½Ä±ï¿½ï¿½ï¿½ */
..\..\User\main.c(67): warning:  #177-D: variable "xTaskExecutor_Handle"  was declared but never referenced
  static TaskHandle_t xTaskExecutor_Handle = NULL;
..\..\User\main.c(68): warning:  #177-D: variable "xAdcTaskHandle"  was declared but never referenced
  static TaskHandle_t xAdcTaskHandle = NULL;
..\..\User\main.c(84): warning:  #177-D: variable "Swtmr2_Handle"  was declared but never referenced
  static TimerHandle_t Swtmr2_Handle =NULL;   /* ï¿½ï¿½ï¿½ï¿½ï¿½ï¿½Ê±ï¿½ï¿½ï¿½ï¿½ï¿? */
..\..\User\main.c(85): warning:  #177-D: variable "Ledtimer_Handle"  was declared but never referenced
  static TimerHandle_t Ledtimer_Handle=NULL; /*LEDï¿½ä»¯ï¿½ï¿½Ê±ï¿½ï¿½ï¿½ï¿½ï¿?*/
..\..\User\main.c: 12 warnings, 0 errors
compiling bsp_led.c...
compiling bsp_key.c...
compiling bsp_exti.c...
compiling bsp_debug_usart.c...
..\..\User\uart\bsp_debug_usart.c(185): warning:  #513-D: a value of type "char *" cannot be assigned to an entity of type "const uint8_t *"
    c_uart_buffer = Usart_Rx_Buf;
..\..\User\uart\bsp_debug_usart.c(172): warning:  #550-D: variable "c_uart_buffer"  was set but never used
    const uint8_t *c_uart_buffer;
..\..\User\uart\bsp_debug_usart.c: 2 warnings, 0 errors
compiling delay.c...
..\..\User\delay\delay.h(11): warning:  #1-D: last line of file ends without a newline
  #endif /* __DELAY_H */
..\..\User\delay\delay.c(60): warning:  #1-D: last line of file ends without a newline
  }
..\..\User\delay\delay.c(5): warning:  #550-D: variable "fac_ms"  was set but never used
  static uint16_t fac_ms = 0;	// msÑÓÊ±±¶³ËÊý
..\..\User\delay\delay.c: 3 warnings, 0 errors
compiling i2c_eeprom.c...
..\..\User\delay\delay.h(11): warning:  #1-D: last line of file ends without a newline
  #endif /* __DELAY_H */
..\..\User\i2c\i2c_eeprom.c: 1 warning, 0 errors
compiling adc.c...
compiling kalman_filter.c...
compiling can_driver.c...
compiling bsp_led_pwm.c...
compiling croutine.c...
compiling event_groups.c...
compiling list.c...
compiling queue.c...
compiling tasks.c...
compiling heap_4.c...
compiling timers.c...
compiling port.c...
linking...
Program Size: Code=22260 RO-data=736 RW-data=224 ZI-data=39048  
FromELF: creating hex file...
"..\..\Output\Fire_FreeRTOS.axf" - 0 Error(s), 18 Warning(s).

<h2>Software Packages used:</h2>

Package Vendor: Keil
                http://www.keil.com/pack/Keil.STM32F4xx_DFP.2.12.0.pack
                Keil.STM32F4xx_DFP.2.12.0
                STMicroelectronics STM32F4 Series Device Support, Drivers and Examples

<h2>Collection of Component include folders:</h2>
  D:\Arm\Packs\Keil\STM32F4xx_DFP\2.12.0\Drivers\CMSIS\Device\ST\STM32F4xx\Include

<h2>Collection of Component Files used:</h2>
Build Time Elapsed:  00:00:06
</pre>
</body>
</html>
