Component: ARM Compiler 5.06 update 7 (build 960) Tool: armlink [4d3601]

==============================================================================

Section Cross References

    startup_stm32f40xx.o(RESET) refers to startup_stm32f40xx.o(STACK) for __initial_sp
    startup_stm32f40xx.o(RESET) refers to startup_stm32f40xx.o(.text) for Reset_Handler
    startup_stm32f40xx.o(RESET) refers to port.o(.emb_text) for SVC_Handler
    startup_stm32f40xx.o(RESET) refers to stm32f4xx_it.o(i.SysTick_Handler) for SysTick_Handler
    startup_stm32f40xx.o(RESET) refers to stm32f4xx_it.o(i.EXTI0_IRQHandler) for EXTI0_IRQHandler
    startup_stm32f40xx.o(RESET) refers to can_driver.o(i.CAN1_RX0_IRQHandler) for CAN1_RX0_IRQHandler
    startup_stm32f40xx.o(RESET) refers to stm32f4xx_it.o(i.USART1_IRQHandler) for USART1_IRQHandler
    startup_stm32f40xx.o(RESET) refers to stm32f4xx_it.o(i.EXTI15_10_IRQHandler) for EXTI15_10_IRQHandler
    startup_stm32f40xx.o(.text) refers to system_stm32f4xx.o(i.SystemInit) for SystemInit
    startup_stm32f40xx.o(.text) refers to entry.o(.ARM.Collect$$$$00000000) for __main
    system_stm32f4xx.o(i.SystemCoreClockUpdate) refers to system_stm32f4xx.o(.data) for .data
    system_stm32f4xx.o(i.SystemInit) refers to system_stm32f4xx.o(i.SetSysClock) for SetSysClock
    stm32f4xx_adc.o(i.ADC_DeInit) refers to stm32f4xx_rcc.o(i.RCC_APB2PeriphResetCmd) for RCC_APB2PeriphResetCmd
    stm32f4xx_can.o(i.CAN_DeInit) refers to stm32f4xx_rcc.o(i.RCC_APB1PeriphResetCmd) for RCC_APB1PeriphResetCmd
    stm32f4xx_can.o(i.CAN_GetITStatus) refers to stm32f4xx_can.o(i.CheckITStatus) for CheckITStatus
    stm32f4xx_cryp.o(i.CRYP_DeInit) refers to stm32f4xx_rcc.o(i.RCC_AHB2PeriphResetCmd) for RCC_AHB2PeriphResetCmd
    stm32f4xx_cryp_aes.o(i.CRYP_AES_CBC) refers to stm32f4xx_cryp.o(i.CRYP_KeyStructInit) for CRYP_KeyStructInit
    stm32f4xx_cryp_aes.o(i.CRYP_AES_CBC) refers to stm32f4xx_cryp.o(i.CRYP_KeyInit) for CRYP_KeyInit
    stm32f4xx_cryp_aes.o(i.CRYP_AES_CBC) refers to stm32f4xx_cryp.o(i.CRYP_Init) for CRYP_Init
    stm32f4xx_cryp_aes.o(i.CRYP_AES_CBC) refers to stm32f4xx_cryp.o(i.CRYP_IVInit) for CRYP_IVInit
    stm32f4xx_cryp_aes.o(i.CRYP_AES_CBC) refers to stm32f4xx_cryp.o(i.CRYP_FIFOFlush) for CRYP_FIFOFlush
    stm32f4xx_cryp_aes.o(i.CRYP_AES_CBC) refers to stm32f4xx_cryp.o(i.CRYP_Cmd) for CRYP_Cmd
    stm32f4xx_cryp_aes.o(i.CRYP_AES_CBC) refers to stm32f4xx_cryp.o(i.CRYP_GetCmdStatus) for CRYP_GetCmdStatus
    stm32f4xx_cryp_aes.o(i.CRYP_AES_CBC) refers to stm32f4xx_cryp.o(i.CRYP_GetFlagStatus) for CRYP_GetFlagStatus
    stm32f4xx_cryp_aes.o(i.CRYP_AES_CBC) refers to stm32f4xx_cryp.o(i.CRYP_DataIn) for CRYP_DataIn
    stm32f4xx_cryp_aes.o(i.CRYP_AES_CBC) refers to stm32f4xx_cryp.o(i.CRYP_DataOut) for CRYP_DataOut
    stm32f4xx_cryp_aes.o(i.CRYP_AES_CCM) refers to stm32f4xx_cryp.o(i.CRYP_KeyStructInit) for CRYP_KeyStructInit
    stm32f4xx_cryp_aes.o(i.CRYP_AES_CCM) refers to stm32f4xx_cryp.o(i.CRYP_FIFOFlush) for CRYP_FIFOFlush
    stm32f4xx_cryp_aes.o(i.CRYP_AES_CCM) refers to stm32f4xx_cryp.o(i.CRYP_KeyInit) for CRYP_KeyInit
    stm32f4xx_cryp_aes.o(i.CRYP_AES_CCM) refers to stm32f4xx_cryp.o(i.CRYP_IVInit) for CRYP_IVInit
    stm32f4xx_cryp_aes.o(i.CRYP_AES_CCM) refers to stm32f4xx_cryp.o(i.CRYP_Init) for CRYP_Init
    stm32f4xx_cryp_aes.o(i.CRYP_AES_CCM) refers to stm32f4xx_cryp.o(i.CRYP_PhaseConfig) for CRYP_PhaseConfig
    stm32f4xx_cryp_aes.o(i.CRYP_AES_CCM) refers to stm32f4xx_cryp.o(i.CRYP_DataIn) for CRYP_DataIn
    stm32f4xx_cryp_aes.o(i.CRYP_AES_CCM) refers to stm32f4xx_cryp.o(i.CRYP_Cmd) for CRYP_Cmd
    stm32f4xx_cryp_aes.o(i.CRYP_AES_CCM) refers to stm32f4xx_cryp.o(i.CRYP_GetCmdStatus) for CRYP_GetCmdStatus
    stm32f4xx_cryp_aes.o(i.CRYP_AES_CCM) refers to stm32f4xx_cryp.o(i.CRYP_GetFlagStatus) for CRYP_GetFlagStatus
    stm32f4xx_cryp_aes.o(i.CRYP_AES_CCM) refers to stm32f4xx_cryp.o(i.CRYP_DataOut) for CRYP_DataOut
    stm32f4xx_cryp_aes.o(i.CRYP_AES_CTR) refers to stm32f4xx_cryp.o(i.CRYP_KeyStructInit) for CRYP_KeyStructInit
    stm32f4xx_cryp_aes.o(i.CRYP_AES_CTR) refers to stm32f4xx_cryp.o(i.CRYP_KeyInit) for CRYP_KeyInit
    stm32f4xx_cryp_aes.o(i.CRYP_AES_CTR) refers to stm32f4xx_cryp.o(i.CRYP_Init) for CRYP_Init
    stm32f4xx_cryp_aes.o(i.CRYP_AES_CTR) refers to stm32f4xx_cryp.o(i.CRYP_IVInit) for CRYP_IVInit
    stm32f4xx_cryp_aes.o(i.CRYP_AES_CTR) refers to stm32f4xx_cryp.o(i.CRYP_FIFOFlush) for CRYP_FIFOFlush
    stm32f4xx_cryp_aes.o(i.CRYP_AES_CTR) refers to stm32f4xx_cryp.o(i.CRYP_Cmd) for CRYP_Cmd
    stm32f4xx_cryp_aes.o(i.CRYP_AES_CTR) refers to stm32f4xx_cryp.o(i.CRYP_GetCmdStatus) for CRYP_GetCmdStatus
    stm32f4xx_cryp_aes.o(i.CRYP_AES_CTR) refers to stm32f4xx_cryp.o(i.CRYP_DataIn) for CRYP_DataIn
    stm32f4xx_cryp_aes.o(i.CRYP_AES_CTR) refers to stm32f4xx_cryp.o(i.CRYP_GetFlagStatus) for CRYP_GetFlagStatus
    stm32f4xx_cryp_aes.o(i.CRYP_AES_CTR) refers to stm32f4xx_cryp.o(i.CRYP_DataOut) for CRYP_DataOut
[...]
    i.CAN_Init                               0x08001718   Section        0  stm32f4xx_can.o(i.CAN_Init)
    i.CAN_Receive                            0x08001800   Section        0  stm32f4xx_can.o(i.CAN_Receive)
    i.CANx_Init                              0x08001890   Section        0  can_driver.o(i.CANx_Init)
    i.CheckITStatus                          0x08001970   Section        0  stm32f4xx_can.o(i.CheckITStatus)
    CheckITStatus                            0x08001971   Thumb Code    12  stm32f4xx_can.o(i.CheckITStatus)
    i.DMA_ClearFlag                          0x0800197c   Section        0  stm32f4xx_dma.o(i.DMA_ClearFlag)
    i.DMA_Cmd                                0x080019a8   Section        0  stm32f4xx_dma.o(i.DMA_Cmd)
    i.DMA_DeInit                             0x080019bc   Section        0  stm32f4xx_dma.o(i.DMA_DeInit)
    i.DMA_ITConfig                           0x08001ae0   Section        0  stm32f4xx_dma.o(i.DMA_ITConfig)
    i.DMA_Init                               0x08001b0c   Section        0  stm32f4xx_dma.o(i.DMA_Init)
    i.DMA_SetCurrDataCounter                 0x08001b60   Section        0  stm32f4xx_dma.o(i.DMA_SetCurrDataCounter)
    i.Debug_USART_Config                     0x08001b64   Section        0  bsp_debug_usart.o(i.Debug_USART_Config)
    i.EXTI0_IRQHandler                       0x08001c34   Section        0  stm32f4xx_it.o(i.EXTI0_IRQHandler)
    i.EXTI15_10_IRQHandler                   0x08001c8c   Section        0  stm32f4xx_it.o(i.EXTI15_10_IRQHandler)
    i.EXTI_ClearITPendingBit                 0x08001ce4   Section        0  stm32f4xx_exti.o(i.EXTI_ClearITPendingBit)
    i.EXTI_GetITStatus                       0x08001cf0   Section        0  stm32f4xx_exti.o(i.EXTI_GetITStatus)
    i.EXTI_Init                              0x08001d04   Section        0  stm32f4xx_exti.o(i.EXTI_Init)
    i.EXTI_Key_Config                        0x08001d74   Section        0  bsp_exti.o(i.EXTI_Key_Config)
    i.GPIO_Init                              0x08001e20   Section        0  stm32f4xx_gpio.o(i.GPIO_Init)
    i.GPIO_PinAFConfig                       0x08001e98   Section        0  stm32f4xx_gpio.o(i.GPIO_PinAFConfig)
    i.GPIO_ReadInputDataBit                  0x08001eb8   Section        0  stm32f4xx_gpio.o(i.GPIO_ReadInputDataBit)
    i.GPIO_ResetBits                         0x08001ec6   Section        0  stm32f4xx_gpio.o(i.GPIO_ResetBits)
    i.GPIO_SetBits                           0x08001eca   Section        0  stm32f4xx_gpio.o(i.GPIO_SetBits)
    i.I2C_Ack                                0x08001ed0   Section        0  i2c_eeprom.o(i.I2C_Ack)
    i.I2C_NAck                               0x08001f0c   Section        0  i2c_eeprom.o(i.I2C_NAck)
    i.I2C_ReadByte                           0x08001f48   Section        0  i2c_eeprom.o(i.I2C_ReadByte)
    i.I2C_SendByte                           0x08001fb8   Section        0  i2c_eeprom.o(i.I2C_SendByte)
    i.I2C_Soft_Init                          0x08002024   Section        0  i2c_eeprom.o(i.I2C_Soft_Init)
    i.I2C_Start                              0x08002068   Section        0  i2c_eeprom.o(i.I2C_Start)
    i.I2C_Stop                               0x080020b4   Section        0  i2c_eeprom.o(i.I2C_Stop)
    i.I2C_WaitAck                            0x080020f8   Section        0  i2c_eeprom.o(i.I2C_WaitAck)
    i.Key_GPIO_Config                        0x08002154   Section        0  bsp_key.o(i.Key_GPIO_Config)
    i.Key_Scan                               0x08002190   Section        0  bsp_key.o(i.Key_Scan)
    i.Key_Task                               0x08002208   Section        0  main.o(i.Key_Task)
    Key_Task                                 0x08002209   Thumb Code    70  main.o(i.Key_Task)
    i.LED_GPIO_Config                        0x08002294   Section        0  bsp_led.o(i.LED_GPIO_Config)
    i.LED_Task                               0x080022ec   Section        0  main.o(i.LED_Task)
    LED_Task                                 0x080022ed   Thumb Code    34  main.o(i.LED_Task)
    i.NVIC_Init                              0x08002318   Section        0  misc.o(i.NVIC_Init)
    i.NVIC_PriorityGroupConfig               0x0800237c   Section        0  misc.o(i.NVIC_PriorityGroupConfig)
    i.RCC_AHB1PeriphClockCmd                 0x08002390   Section        0  stm32f4xx_rcc.o(i.RCC_AHB1PeriphClockCmd)
    i.RCC_AHB2PeriphClockCmd                 0x080023a8   Section        0  stm32f4xx_rcc.o(i.RCC_AHB2PeriphClockCmd)
    i.RCC_APB1PeriphClockCmd                 0x080023c0   Section        0  stm32f4xx_rcc.o(i.RCC_APB1PeriphClockCmd)
    i.RCC_APB2PeriphClockCmd                 0x080023d8   Section        0  stm32f4xx_rcc.o(i.RCC_APB2PeriphClockCmd)
    i.RCC_GetClocksFreq                      0x080023f0   Section        0  stm32f4xx_rcc.o(i.RCC_GetClocksFreq)
    i.RNG_Cmd                                0x08002484   Section        0  stm32f4xx_rng.o(i.RNG_Cmd)
    i.Rheostat_ADC_Mode_Config               0x080024a0   Section        0  adc.o(i.Rheostat_ADC_Mode_Config)
    Rheostat_ADC_Mode_Config                 0x080024a1   Thumb Code   224  adc.o(i.Rheostat_ADC_Mode_Config)
    i.Rheostat_Init                          0x0800258c   Section        0  adc.o(i.Rheostat_Init)
    i.SYSCFG_EXTILineConfig                  0x080025f8   Section        0  stm32f4xx_syscfg.o(i.SYSCFG_EXTILineConfig)
    i.SetSysClock                            0x08002628   Section        0  system_stm32f4xx.o(i.SetSysClock)
    SetSysClock                              0x08002629   Thumb Code   162  system_stm32f4xx.o(i.SetSysClock)
    i.SysTick_Handler                        0x080026dc   Section        0  stm32f4xx_it.o(i.SysTick_Handler)
    i.SystemInit                             0x080026f0   Section        0  system_stm32f4xx.o(i.SystemInit)
    i.USART1_IRQHandler                      0x0800274c   Section        0  stm32f4xx_it.o(i.USART1_IRQHandler)
    i.USART_Cmd                              0x08002784   Section        0  stm32f4xx_usart.o(i.USART_Cmd)
    i.USART_DMACmd                           0x08002798   Section        0  stm32f4xx_usart.o(i.USART_DMACmd)
    i.USART_GetFlagStatus                    0x080027a8   Section        0  stm32f4xx_usart.o(i.USART_GetFlagStatus)
    i.USART_GetITStatus                      0x080027b6   Section        0  stm32f4xx_usart.o(i.USART_GetITStatus)
    i.USART_ITConfig                         0x080027f4   Section        0  stm32f4xx_usart.o(i.USART_ITConfig)
    i.USART_Init                             0x08002824   Section        0  stm32f4xx_usart.o(i.USART_Init)
    i.USART_ReceiveData                      0x080028d0   Section        0  stm32f4xx_usart.o(i.USART_ReceiveData)
    i.USART_SendData                         0x080028d8   Section        0  stm32f4xx_usart.o(i.USART_SendData)
    i.USARTx_DMA_Config                      0x080028e0   Section        0  bsp_debug_usart.o(i.USARTx_DMA_Config)
    i.Uart_DMA_Rx_Data                       0x0800295c   Section        0  bsp_debug_usart.o(i.Uart_DMA_Rx_Data)
    i.Uart_Task                              0x080029c4   Section        0  main.o(i.Uart_Task)
    Uart_Task                                0x080029c5   Thumb Code    52  main.o(i.Uart_Task)
    i.__0printf                              0x08002a20   Section        0  printfa.o(i.__0printf)
    i.__scatterload_copy                     0x08002a40   Section       14  handlers.o(i.__scatterload_copy)
    i.__scatterload_null                     0x08002a4e   Section        2  handlers.o(i.__scatterload_null)
    i.__scatterload_zeroinit                 0x08002a50   Section       14  handlers.o(i.__scatterload_zeroinit)
    i._fp_digits                             0x08002a60   Section        0  printfa.o(i._fp_digits)
    _fp_digits                               0x08002a61   Thumb Code   366  printfa.o(i._fp_digits)
    i._printf_core                           0x08002be4   Section        0  printfa.o(i._printf_core)
    _printf_core                             0x08002be5   Thumb Code  1704  printfa.o(i._printf_core)
    i._printf_post_padding                   0x08003298   Section        0  printfa.o(i._printf_post_padding)
    _printf_post_padding                     0x08003299   Thumb Code    36  printfa.o(i._printf_post_padding)
    i._printf_pre_padding                    0x080032bc   Section        0  printfa.o(i._printf_pre_padding)
    _printf_pre_padding                      0x080032bd   Thumb Code    46  printfa.o(i._printf_pre_padding)
    i.delay_ms                               0x080032ea   Section        0  delay.o(i.delay_ms)
    i.delay_us                               0x08003304   Section        0  delay.o(i.delay_us)
    i.fputc                                  0x08003338   Section        0  bsp_debug_usart.o(i.fputc)
    i.key_find_slot                          0x0800335c   Section        0  bsp_key.o(i.key_find_slot)
    key_find_slot                            0x0800335d   Thumb Code    74  bsp_key.o(i.key_find_slot)
    i.kf_init                                0x080033ac   Section        0  kalman_filter.o(i.kf_init)
    i.kf_update                              0x080033ba   Section        0  kalman_filter.o(i.kf_update)
    i.main                                   0x080033f4   Section        0  main.o(i.main)
    i.prvAddCurrentTaskToDelayedList         0x080034b0   Section        0  tasks.o(i.prvAddCurrentTaskToDelayedList)
    prvAddCurrentTaskToDelayedList           0x080034b1   Thumb Code   102  tasks.o(i.prvAddCurrentTaskToDelayedList)
    i.prvAddNewTaskToReadyList               0x08003520   Section        0  tasks.o(i.prvAddNewTaskToReadyList)
    prvAddNewTaskToReadyList                 0x08003521   Thumb Code   190  tasks.o(i.prvAddNewTaskToReadyList)
    i.prvCheckForValidListAndQueue           0x080035f0   Section        0  timers.o(i.prvCheckForValidListAndQueue)
    prvCheckForValidListAndQueue             0x080035f1   Thumb Code    62  timers.o(i.prvCheckForValidListAndQueue)
    i.prvCheckTasksWaitingTermination        0x08003640   Section        0  tasks.o(i.prvCheckTasksWaitingTermination)
    prvCheckTasksWaitingTermination          0x08003641   Thumb Code    74  tasks.o(i.prvCheckTasksWaitingTermination)
    i.prvCopyDataFromQueue                   0x08003694   Section        0  queue.o(i.prvCopyDataFromQueue)
    prvCopyDataFromQueue                     0x08003695   Thumb Code    38  queue.o(i.prvCopyDataFromQueue)
    i.prvCopyDataToQueue                     0x080036ba   Section        0  queue.o(i.prvCopyDataToQueue)
    prvCopyDataToQueue                       0x080036bb   Thumb Code    90  queue.o(i.prvCopyDataToQueue)
    i.prvDeleteTCB                           0x08003714   Section        0  tasks.o(i.prvDeleteTCB)
    prvDeleteTCB                             0x08003715   Thumb Code    20  tasks.o(i.prvDeleteTCB)
    i.prvHeapInit                            0x08003728   Section        0  heap_4.o(i.prvHeapInit)
    prvHeapInit                              0x08003729   Thumb Code    66  heap_4.o(i.prvHeapInit)
    i.prvIdleTask                            0x08003774   Section        0  tasks.o(i.prvIdleTask)
    prvIdleTask                              0x08003775   Thumb Code    30  tasks.o(i.prvIdleTask)
    i.prvInitialiseNewTask                   0x0800379c   Section        0  tasks.o(i.prvInitialiseNewTask)
    prvInitialiseNewTask                     0x0800379d   Thumb Code   138  tasks.o(i.prvInitialiseNewTask)
    i.prvInsertBlockIntoFreeList             0x08003854   Section        0  heap_4.o(i.prvInsertBlockIntoFreeList)
    prvInsertBlockIntoFreeList               0x08003855   Thumb Code    72  heap_4.o(i.prvInsertBlockIntoFreeList)
    i.prvInsertTimerInActiveList             0x080038a0   Section        0  timers.o(i.prvInsertTimerInActiveList)
    prvInsertTimerInActiveList               0x080038a1   Thumb Code    52  timers.o(i.prvInsertTimerInActiveList)
    i.prvIsQueueEmpty                        0x080038d8   Section        0  queue.o(i.prvIsQueueEmpty)
    prvIsQueueEmpty                          0x080038d9   Thumb Code    26  queue.o(i.prvIsQueueEmpty)
    i.prvProcessExpiredTimer                 0x080038f4   Section        0  timers.o(i.prvProcessExpiredTimer)
    prvProcessExpiredTimer                   0x080038f5   Thumb Code    86  timers.o(i.prvProcessExpiredTimer)
    i.prvProcessReceivedCommands             0x08003954   Section        0  timers.o(i.prvProcessReceivedCommands)
    prvProcessReceivedCommands               0x08003955   Thumb Code   196  timers.o(i.prvProcessReceivedCommands)
    i.prvProcessTimerOrBlockTask             0x08003a48   Section        0  timers.o(i.prvProcessTimerOrBlockTask)
    prvProcessTimerOrBlockTask               0x08003a49   Thumb Code    98  timers.o(i.prvProcessTimerOrBlockTask)
    i.prvResetNextTaskUnblockTime            0x08003ab4   Section        0  tasks.o(i.prvResetNextTaskUnblockTime)
    prvResetNextTaskUnblockTime              0x08003ab5   Thumb Code    26  tasks.o(i.prvResetNextTaskUnblockTime)
    i.prvSampleTimeNow                       0x08003ad4   Section        0  timers.o(i.prvSampleTimeNow)
    prvSampleTimeNow                         0x08003ad5   Thumb Code    36  timers.o(i.prvSampleTimeNow)
    i.prvSwitchTimerLists                    0x08003afc   Section        0  timers.o(i.prvSwitchTimerLists)
    prvSwitchTimerLists                      0x08003afd   Thumb Code   100  timers.o(i.prvSwitchTimerLists)
    i.prvTaskExitError                       0x08003b68   Section        0  port.o(i.prvTaskExitError)
    prvTaskExitError                         0x08003b69   Thumb Code    36  port.o(i.prvTaskExitError)
    i.prvTestWaitCondition                   0x08003bcc   Section        0  event_groups.o(i.prvTestWaitCondition)
    prvTestWaitCondition                     0x08003bcd   Thumb Code    20  event_groups.o(i.prvTestWaitCondition)
    i.prvTimerTask                           0x08003be0   Section        0  timers.o(i.prvTimerTask)
    prvTimerTask                             0x08003be1   Thumb Code    34  timers.o(i.prvTimerTask)
    i.prvUnlockQueue                         0x08003c08   Section        0  queue.o(i.prvUnlockQueue)
    prvUnlockQueue                           0x08003c09   Thumb Code   106  queue.o(i.prvUnlockQueue)
    i.pvPortMalloc                           0x08003c74   Section        0  heap_4.o(i.pvPortMalloc)
    i.pxPortInitialiseStack                  0x08003d88   Section        0  port.o(i.pxPortInitialiseStack)
    i.task_parse_and_execute_command         0x08003db4   Section        0  main.o(i.task_parse_and_execute_command)
    task_parse_and_execute_command           0x08003db5   Thumb Code   264  main.o(i.task_parse_and_execute_command)
    i.ulTaskNotifyTake                       0x08004108   Section        0  tasks.o(i.ulTaskNotifyTake)
    i.uxListRemove                           0x08004170   Section        0  list.o(i.uxListRemove)
    i.uxTaskResetEventItemValue              0x08004194   Section        0  tasks.o(i.uxTaskResetEventItemValue)
    i.vListInitialise                        0x080041ac   Section        0  list.o(i.vListInitialise)
    i.vListInitialiseItem                    0x080041c2   Section        0  list.o(i.vListInitialiseItem)
    i.vListInsert                            0x080041c8   Section        0  list.o(i.vListInsert)
    i.vListInsertEnd                         0x080041f8   Section        0  list.o(i.vListInsertEnd)
    i.vPortEnterCritical                     0x08004210   Section        0  port.o(i.vPortEnterCritical)
    i.vPortExitCritical                      0x08004288   Section        0  port.o(i.vPortExitCritical)
    i.vPortFree                              0x080042ec   Section        0  heap_4.o(i.vPortFree)
    i.vPortSetupTimerInterrupt               0x08004388   Section        0  port.o(i.vPortSetupTimerInterrupt)
    i.vPortValidateInterruptPriority         0x080043a8   Section        0  port.o(i.vPortValidateInterruptPriority)
    i.vQueueAddToRegistry                    0x08004434   Section        0  queue.o(i.vQueueAddToRegistry)
    i.vQueueWaitForMessageRestricted         0x08004458   Section        0  queue.o(i.vQueueWaitForMessageRestricted)
    i.vTaskDelay                             0x0800449c   Section        0  tasks.o(i.vTaskDelay)
    i.vTaskDelete                            0x08004510   Section        0  tasks.o(i.vTaskDelete)
    i.vTaskKalmanFilter                      0x080045e4   Section        0  kalman_filter.o(i.vTaskKalmanFilter)
    i.vTaskMissedYield                       0x08004638   Section        0  tasks.o(i.vTaskMissedYield)
    i.vTaskPlaceOnEventList                  0x08004644   Section        0  tasks.o(i.vTaskPlaceOnEventList)
    i.vTaskPlaceOnEventListRestricted        0x080046a0   Section        0  tasks.o(i.vTaskPlaceOnEventListRestricted)
    i.vTaskPlaceOnUnorderedEventList         0x08004704   Section        0  tasks.o(i.vTaskPlaceOnUnorderedEventList)
    i.vTaskSetTimeOutState                   0x0800477c   Section        0  tasks.o(i.vTaskSetTimeOutState)
    i.vTaskStartScheduler                    0x080047cc   Section        0  tasks.o(i.vTaskStartScheduler)
    i.vTaskSuspendAll                        0x08004868   Section        0  tasks.o(i.vTaskSuspendAll)
    i.vTaskSwitchContext                     0x08004878   Section        0  tasks.o(i.vTaskSwitchContext)
    i.xEventGroupCreate                      0x080048fc   Section        0  event_groups.o(i.xEventGroupCreate)
    i.xEventGroupSetBits                     0x08004918   Section        0  event_groups.o(i.xEventGroupSetBits)
    i.xEventGroupWaitBits                    0x080049d0   Section        0  event_groups.o(i.xEventGroupWaitBits)
    i.xPortStartScheduler                    0x08004af8   Section        0  port.o(i.xPortStartScheduler)
    i.xPortSysTickHandler                    0x08004c0c   Section        0  port.o(i.xPortSysTickHandler)
    i.xQueueGenericCreate                    0x08004c38   Section        0  queue.o(i.xQueueGenericCreate)
    i.xQueueGenericReceive                   0x08004ca8   Section        0  queue.o(i.xQueueGenericReceive)
    i.xQueueGenericReset                     0x08004e18   Section        0  queue.o(i.xQueueGenericReset)
    i.xQueueGenericSend                      0x08004ec8   Section        0  queue.o(i.xQueueGenericSend)
    i.xQueueGenericSendFromISR               0x08005044   Section        0  queue.o(i.xQueueGenericSendFromISR)
    i.xQueueGiveFromISR                      0x08005120   Section        0  queue.o(i.xQueueGiveFromISR)
    i.xTaskCheckForTimeOut                   0x080051dc   Section        0  tasks.o(i.xTaskCheckForTimeOut)
    i.xTaskCreate                            0x0800526c   Section        0  tasks.o(i.xTaskCreate)
    i.xTaskGenericNotify                     0x080052c4   Section        0  tasks.o(i.xTaskGenericNotify)
    i.xTaskGetSchedulerState                 0x080053b4   Section        0  tasks.o(i.xTaskGetSchedulerState)
    i.xTaskGetTickCount                      0x080053d0   Section        0  tasks.o(i.xTaskGetTickCount)
    i.xTaskIncrementTick                     0x080053dc   Section        0  tasks.o(i.xTaskIncrementTick)
    i.xTaskRemoveFromEventList               0x080054cc   Section        0  tasks.o(i.xTaskRemoveFromEventList)
    i.xTaskRemoveFromUnorderedEventList      0x0800556c   Section        0  tasks.o(i.xTaskRemoveFromUnorderedEventList)
    i.xTaskResumeAll                         0x0800560c   Section        0  tasks.o(i.xTaskResumeAll)
    i.xTimerCreate                           0x080056f8   Section        0  timers.o(i.xTimerCreate)
    i.xTimerCreateTimerTask                  0x08005770   Section        0  timers.o(i.xTimerCreateTimerTask)
    i.xTimerGenericCommand                   0x080057e8   Section        0  timers.o(i.xTimerGenericCommand)
    .constdata                               0x0800587c   Section       64  ctype_c.o(.constdata)
    .conststring                             0x080058bc   Section      247  main.o(.conststring)
    .data                                    0x20000000   Section       20  system_stm32f4xx.o(.data)
    .data                                    0x20000014   Section       16  stm32f4xx_rcc.o(.data)
    APBAHBPrescTable                         0x20000014   Data          16  stm32f4xx_rcc.o(.data)
    .data                                    0x20000024   Section       44  main.o(.data)
    LED_Task_Handle                          0x20000024   Data           4  main.o(.data)
    AppTaskCreate_Handle                     0x20000028   Data           4  main.o(.data)
    Key_Task_Handle                          0x2000002c   Data           4  main.o(.data)
    Uart_Task_Handle                         0x20000030   Data           4  main.o(.data)
    xTaskCommand_Handle                      0x20000034   Data           4  main.o(.data)
    Adctimer_Handle                          0x20000038   Data           4  main.o(.data)
    KEY_Event_Handle                         0x2000003c   Data           4  main.o(.data)
    .data                                    0x20000050   Section        8  stm32f4xx_it.o(.data)
    send_data1                               0x20000050   Data           4  stm32f4xx_it.o(.data)
    send_data2                               0x20000054   Data           4  stm32f4xx_it.o(.data)
    .data                                    0x20000058   Section        4  delay.o(.data)
    fac_us                                   0x20000058   Data           1  delay.o(.data)
    fac_ms                                   0x2000005a   Data           2  delay.o(.data)
    .data                                    0x2000005c   Section        6  adc.o(.data)
    .data                                    0x20000064   Section        4  kalman_filter.o(.data)
    .data                                    0x20000068   Section       60  tasks.o(.data)
    uxDeletedTasksWaitingCleanUp             0x2000006c   Data           4  tasks.o(.data)
    uxCurrentNumberOfTasks                   0x20000070   Data           4  tasks.o(.data)
    xTickCount                               0x20000074   Data           4  tasks.o(.data)
    uxTopReadyPriority                       0x20000078   Data           4  tasks.o(.data)
    xSchedulerRunning                        0x2000007c   Data           4  tasks.o(.data)
    uxPendedTicks                            0x20000080   Data           4  tasks.o(.data)
    xYieldPending                            0x20000084   Data           4  tasks.o(.data)
    xNumOfOverflows                          0x20000088   Data           4  tasks.o(.data)
    uxTaskNumber                             0x2000008c   Data           4  tasks.o(.data)
    xNextTaskUnblockTime                     0x20000090   Data           4  tasks.o(.data)
    xIdleTaskHandle                          0x20000094   Data           4  tasks.o(.data)
    uxSchedulerSuspended                     0x20000098   Data           4  tasks.o(.data)
    pxDelayedTaskList                        0x2000009c   Data           4  tasks.o(.data)
    pxOverflowDelayedTaskList                0x200000a0   Data           4  tasks.o(.data)
    .data                                    0x200000a4   Section       20  timers.o(.data)
    xTimerQueue                              0x200000a4   Data           4  timers.o(.data)
    xTimerTaskHandle                         0x200000a8   Data           4  timers.o(.data)
    xLastTime                                0x200000ac   Data           4  timers.o(.data)
    pxCurrentTimerList                       0x200000b0   Data           4  timers.o(.data)
    pxOverflowTimerList                      0x200000b4   Data           4  timers.o(.data)
    .data                                    0x200000b8   Section       24  heap_4.o(.data)
    pxEnd                                    0x200000b8   Data           4  heap_4.o(.data)
    xFreeBytesRemaining                      0x200000bc   Data           4  heap_4.o(.data)
    xMinimumEverFreeBytesRemaining           0x200000c0   Data           4  heap_4.o(.data)
    xBlockAllocatedBit                       0x200000c4   Data           4  heap_4.o(.data)
    xStart                                   0x200000c8   Data           8  heap_4.o(.data)
    .data                                    0x200000d0   Section       12  port.o(.data)
    ucMaxSysCallPriority                     0x200000d0   Data           1  port.o(.data)
    uxCriticalNesting                        0x200000d4   Data           4  port.o(.data)
    ulMaxPRIGROUPValue                       0x200000d8   Data           4  port.o(.data)
    .data                                    0x200000dc   Section        4  stdout.o(.data)
    .bss                                     0x200000e0   Section       12  main.o(.bss)
    .bss                                     0x200000ec   Section       32  bsp_key.o(.bss)
    key_slots                                0x200000ec   Data          32  bsp_key.o(.bss)
    .bss                                     0x2000010c   Section      256  bsp_debug_usart.o(.bss)
    .bss                                     0x2000020c   Section       80  queue.o(.bss)
    .bss                                     0x2000025c   Section      740  tasks.o(.bss)
    pxReadyTasksLists                        0x2000025c   Data         640  tasks.o(.bss)
    xDelayedTaskList1                        0x200004dc   Data          20  tasks.o(.bss)
    xDelayedTaskList2                        0x200004f0   Data          20  tasks.o(.bss)
    xPendingReadyList                        0x20000504   Data          20  tasks.o(.bss)
    xTasksWaitingTermination                 0x20000518   Data          20  tasks.o(.bss)
    xSuspendedTaskList                       0x2000052c   Data          20  tasks.o(.bss)
    .bss                                     0x20000540   Section       40  timers.o(.bss)
    xActiveTimerList1                        0x20000540   Data          20  timers.o(.bss)
    xActiveTimerList2                        0x20000554   Data          20  timers.o(.bss)
    .bss                                     0x20000568   Section    36864  heap_4.o(.bss)
    ucHeap                                   0x20000568   Data       36864  heap_4.o(.bss)
    STACK                                    0x20009568   Section     1024  startup_stm32f40xx.o(STACK)

    Global Symbols

    Symbol Name                              Value     Ov Type        Size  Object(Section)

    BuildAttributes$$THM_ISAv4$E$P$D$K$B$S$7EM$VFPi3$EXTD16$VFPS$VFMA$PE$A:L22UL41UL21$X:L11$S22US41US21$IEEE1$IW$USESV6$~STKCKD$USESV7$~SHL$OTIME$ROPI$EBA8$MICROLIB$REQ8$PRES8$EABIv2 0x00000000   Number         0  anon$$obj.o ABSOLUTE
    __ARM_use_no_argv                        0x00000000   Number         0  main.o ABSOLUTE
    _printf_a                                0x00000000   Number         0  stubs.o ABSOLUTE
    _printf_c                                0x00000000   Number         0  stubs.o ABSOLUTE
    _printf_charcount                        0x00000000   Number         0  stubs.o ABSOLUTE
    _printf_d                                0x00000000   Number         0  stubs.o ABSOLUTE
    _printf_e                                0x00000000   Number         0  stubs.o ABSOLUTE
    _printf_f                                0x00000000   Number         0  stubs.o ABSOLUTE
    _printf_flags                            0x00000000   Number         0  stubs.o ABSOLUTE
    _printf_fp_dec                           0x00000000   Number         0  stubs.o ABSOLUTE
    _printf_fp_hex                           0x00000000   Number         0  stubs.o ABSOLUTE
    _printf_g                                0x00000000   Number         0  stubs.o ABSOLUTE
    _printf_i                                0x00000000   Number         0  stubs.o ABSOLUTE
    _printf_int_dec                          0x00000000   Number         0  stubs.o ABSOLUTE
    _printf_l                                0x00000000   Number         0  stubs.o ABSOLUTE
    _printf_lc                               0x00000000   Number         0  stubs.o ABSOLUTE
    _printf_ll                               0x00000000   Number         0  stubs.o ABSOLUTE
    _printf_lld                              0x00000000   Number         0  stubs.o ABSOLUTE
    _printf_lli                              0x00000000   Number         0  stubs.o ABSOLUTE
    _printf_llo                              0x00000000   Number         0  stubs.o ABSOLUTE
    _printf_llu                              0x00000000   Number         0  stubs.o ABSOLUTE
    _printf_llx                              0x00000000   Number         0  stubs.o ABSOLUTE
    _printf_longlong_dec                     0x00000000   Number         0  stubs.o ABSOLUTE
    _printf_longlong_hex                     0x00000000   Number         0  stubs.o ABSOLUTE
    _printf_longlong_oct                     0x00000000   Number         0  stubs.o ABSOLUTE
    _printf_ls                               0x00000000   Number         0  stubs.o ABSOLUTE
    _printf_mbtowc                           0x00000000   Number         0  stubs.o ABSOLUTE
    _printf_n                                0x00000000   Number         0  stubs.o ABSOLUTE
    _printf_o                                0x00000000   Number         0  stubs.o ABSOLUTE
    _printf_p                                0x00000000   Number         0  stubs.o ABSOLUTE
    _printf_percent                          0x00000000   Number         0  stubs.o ABSOLUTE
    _printf_pre_padding                      0x00000000   Number         0  stubs.o ABSOLUTE
    _printf_return_value                     0x00000000   Number         0  stubs.o ABSOLUTE
    _printf_s                                0x00000000   Number         0  stubs.o ABSOLUTE
    _printf_sizespec                         0x00000000   Number         0  stubs.o ABSOLUTE
    _printf_str                              0x00000000   Number         0  stubs.o ABSOLUTE
    _printf_truncate_signed                  0x00000000   Number         0  stubs.o ABSOLUTE
    _printf_truncate_unsigned                0x00000000   Number         0  stubs.o ABSOLUTE
    _printf_u                                0x00000000   Number         0  stubs.o ABSOLUTE
    _printf_wc                               0x00000000   Number         0  stubs.o ABSOLUTE
    _printf_wctomb                           0x00000000   Number         0  stubs.o ABSOLUTE
    _printf_widthprec                        0x00000000   Number         0  stubs.o ABSOLUTE
    _printf_x                                0x00000000   Number         0  stubs.o ABSOLUTE
    __arm_fini_                               - Undefined Weak Reference
    __cpp_initialize__aeabi_                  - Undefined Weak Reference
    __cxa_finalize                            - Undefined Weak Reference
    __decompress                              - Undefined Weak Reference
    _clock_init                               - Undefined Weak Reference
    _microlib_exit                            - Undefined Weak Reference
    _scanf_longlong                           - Undefined Weak Reference
    _scanf_real                               - Undefined Weak Reference
    __Vectors_Size                           0x00000188   Number         0  startup_stm32f40xx.o ABSOLUTE
    __Vectors                                0x08000000   Data           4  startup_stm32f40xx.o(RESET)
    __Vectors_End                            0x08000188   Data           0  startup_stm32f40xx.o(RESET)
    __main                                   0x08000189   Thumb Code     0  entry.o(.ARM.Collect$$$$00000000)
    _main_stk                                0x08000189   Thumb Code     0  entry2.o(.ARM.Collect$$$$00000001)
    _main_scatterload                        0x0800018d   Thumb Code     0  entry5.o(.ARM.Collect$$$$00000004)
    __main_after_scatterload                 0x08000191   Thumb Code     0  entry5.o(.ARM.Collect$$$$00000004)
    _main_clock                              0x08000191   Thumb Code     0  entry7b.o(.ARM.Collect$$$$00000008)
    _main_cpp_init                           0x08000191   Thumb Code     0  entry8b.o(.ARM.Collect$$$$0000000A)
    _main_init                               0x08000191   Thumb Code     0  entry9a.o(.ARM.Collect$$$$0000000B)
    __rt_lib_shutdown_fini                   0x08000199   Thumb Code     0  entry12b.o(.ARM.Collect$$$$0000000E)
    __rt_final_cpp                           0x0800019d   Thumb Code     0  entry10a.o(.ARM.Collect$$$$0000000F)
    __rt_final_exit                          0x0800019d   Thumb Code     0  entry11a.o(.ARM.Collect$$$$00000011)
    SVC_Handler                              0x080001a1   Thumb Code    28  port.o(.emb_text)
    __asm___6_port_c_39a90d8d__prvStartFirstTask 0x080001c1   Thumb Code    28  port.o(.emb_text)
    __asm___6_port_c_39a90d8d__prvEnableVFP  0x080001e1   Thumb Code    16  port.o(.emb_text)
    PendSV_Handler                           0x080001f5   Thumb Code    88  port.o(.emb_text)
    vPortGetIPSR                             0x08000251   Thumb Code     6  port.o(.emb_text)
    Reset_Handler                            0x08000259   Thumb Code     8  startup_stm32f40xx.o(.text)
    NMI_Handler                              0x08000261   Thumb Code     2  startup_stm32f40xx.o(.text)
    HardFault_Handler                        0x08000263   Thumb Code     2  startup_stm32f40xx.o(.text)
    MemManage_Handler                        0x08000265   Thumb Code     2  startup_stm32f40xx.o(.text)
    BusFault_Handler                         0x08000267   Thumb Code     2  startup_stm32f40xx.o(.text)
    UsageFault_Handler                       0x08000269   Thumb Code     2  startup_stm32f40xx.o(.text)
    DebugMon_Handler                         0x0800026d   Thumb Code     2  startup_stm32f40xx.o(.text)
    ADC_IRQHandler                           0x08000273   Thumb Code     0  startup_stm32f40xx.o(.text)
    CAN1_RX1_IRQHandler                      0x08000273   Thumb Code     0  startup_stm32f40xx.o(.text)
    CAN1_SCE_IRQHandler                      0x08000273   Thumb Code     0  startup_stm32f40xx.o(.text)
    CAN1_TX_IRQHandler                       0x08000273   Thumb Code     0  startup_stm32f40xx.o(.text)
    CAN2_RX0_IRQHandler                      0x08000273   Thumb Code     0  startup_stm32f40xx.o(.text)
    CAN2_RX1_IRQHandler                      0x08000273   Thumb Code     0  startup_stm32f40xx.o(.text)
    CAN2_SCE_IRQHandler                      0x08000273   Thumb Code     0  startup_stm32f40xx.o(.text)
    CAN2_TX_IRQHandler                       0x08000273   Thumb Code     0  startup_stm32f40xx.o(.text)
    CRYP_IRQHandler                          0x08000273   Thumb Code     0  startup_stm32f40xx.o(.text)
    DCMI_IRQHandler                          0x08000273   Thumb Code     0  startup_stm32f40xx.o(.text)
    DMA1_Stream0_IRQHandler                  0x08000273   Thumb Code     0  startup_stm32f40xx.o(.text)
    DMA1_Stream1_IRQHandler                  0x08000273   Thumb Code     0  startup_stm32f40xx.o(.text)
    DMA1_Stream2_IRQHandler                  0x08000273   Thumb Code     0  startup_stm32f40xx.o(.text)
    DMA1_Stream3_IRQHandler                  0x08000273   Thumb Code     0  startup_stm32f40xx.o(.text)
    DMA1_Stream4_IRQHandler                  0x08000273   Thumb Code     0  startup_stm32f40xx.o(.text)
    DMA1_Stream5_IRQHandler                  0x08000273   Thumb Code     0  startup_stm32f40xx.o(.text)
    DMA1_Stream6_IRQHandler                  0x08000273   Thumb Code     0  startup_stm32f40xx.o(.text)
    DMA1_Stream7_IRQHandler                  0x08000273   Thumb Code     0  startup_stm32f40xx.o(.text)
    DMA2_Stream0_IRQHandler                  0x08000273   Thumb Code     0  startup_stm32f40xx.o(.text)
    DMA2_Stream1_IRQHandler                  0x08000273   Thumb Code     0  startup_stm32f40xx.o(.text)
    DMA2_Stream2_IRQHandler                  0x08000273   Thumb Code     0  startup_stm32f40xx.o(.text)
    DMA2_Stream3_IRQHandler                  0x08000273   Thumb Code     0  startup_stm32f40xx.o(.text)
    DMA2_Stream4_IRQHandler                  0x08000273   Thumb Code     0  startup_stm32f40xx.o(.text)
    DMA2_Stream5_IRQHandler                  0x08000273   Thumb Code     0  startup_stm32f40xx.o(.text)
    DMA2_Stream6_IRQHandler                  0x08000273   Thumb Code     0  startup_stm32f40xx.o(.text)
    DMA2_Stream7_IRQHandler                  0x08000273   Thumb Code     0  startup_stm32f40xx.o(.text)
    ETH_IRQHandler                           0x08000273   Thumb Code     0  startup_stm32f40xx.o(.text)
    ETH_WKUP_IRQHandler                      0x08000273   Thumb Code     0  startup_stm32f40xx.o(.text)
    EXTI1_IRQHandler                         0x08000273   Thumb Code     0  startup_stm32f40xx.o(.text)
    EXTI2_IRQHandler                         0x08000273   Thumb Code     0  startup_stm32f40xx.o(.text)
    EXTI3_IRQHandler                         0x08000273   Thumb Code     0  startup_stm32f40xx.o(.text)
    EXTI4_IRQHandler                         0x08000273   Thumb Code     0  startup_stm32f40xx.o(.text)
    EXTI9_5_IRQHandler                       0x08000273   Thumb Code     0  startup_stm32f40xx.o(.text)
    FLASH_IRQHandler                         0x08000273   Thumb Code     0  startup_stm32f40xx.o(.text)
    FPU_IRQHandler                           0x08000273   Thumb Code     0  startup_stm32f40xx.o(.text)
    FSMC_IRQHandler                          0x08000273   Thumb Code     0  startup_stm32f40xx.o(.text)
    HASH_RNG_IRQHandler                      0x08000273   Thumb Code     0  startup_stm32f40xx.o(.text)
    I2C1_ER_IRQHandler                       0x08000273   Thumb Code     0  startup_stm32f40xx.o(.text)
    I2C1_EV_IRQHandler                       0x08000273   Thumb Code     0  startup_stm32f40xx.o(.text)
    I2C2_ER_IRQHandler                       0x08000273   Thumb Code     0  startup_stm32f40xx.o(.text)
    I2C2_EV_IRQHandler                       0x08000273   Thumb Code     0  startup_stm32f40xx.o(.text)
    I2C3_ER_IRQHandler                       0x08000273   Thumb Code     0  startup_stm32f40xx.o(.text)
    I2C3_EV_IRQHandler                       0x08000273   Thumb Code     0  startup_stm32f40xx.o(.text)
    OTG_FS_IRQHandler                        0x08000273   Thumb Code     0  startup_stm32f40xx.o(.text)
    OTG_FS_WKUP_IRQHandler                   0x08000273   Thumb Code     0  startup_stm32f40xx.o(.text)
    OTG_HS_EP1_IN_IRQHandler                 0x08000273   Thumb Code     0  startup_stm32f40xx.o(.text)
    OTG_HS_EP1_OUT_IRQHandler                0x08000273   Thumb Code     0  startup_stm32f40xx.o(.text)
    OTG_HS_IRQHandler                        0x08000273   Thumb Code     0  startup_stm32f40xx.o(.text)
    OTG_HS_WKUP_IRQHandler                   0x08000273   Thumb Code     0  startup_stm32f40xx.o(.text)
    PVD_IRQHandler                           0x08000273   Thumb Code     0  startup_stm32f40xx.o(.text)
    RCC_IRQHandler                           0x08000273   Thumb Code     0  startup_stm32f40xx.o(.text)
    RTC_Alarm_IRQHandler                     0x08000273   Thumb Code     0  startup_stm32f40xx.o(.text)
    RTC_WKUP_IRQHandler                      0x08000273   Thumb Code     0  startup_stm32f40xx.o(.text)
    SDIO_IRQHandler                          0x08000273   Thumb Code     0  startup_stm32f40xx.o(.text)
    SPI1_IRQHandler                          0x08000273   Thumb Code     0  startup_stm32f40xx.o(.text)
    SPI2_IRQHandler                          0x08000273   Thumb Code     0  startup_stm32f40xx.o(.text)
    SPI3_IRQHandler                          0x08000273   Thumb Code     0  startup_stm32f40xx.o(.text)
    TAMP_STAMP_IRQHandler                    0x08000273   Thumb Code     0  startup_stm32f40xx.o(.text)
    TIM1_BRK_TIM9_IRQHandler                 0x08000273   Thumb Code     0  startup_stm32f40xx.o(.text)
    TIM1_CC_IRQHandler                       0x08000273   Thumb Code     0  startup_stm32f40xx.o(.text)
    TIM1_TRG_COM_TIM11_IRQHandler            0x08000273   Thumb Code     0  startup_stm32f40xx.o(.text)
    TIM1_UP_TIM10_IRQHandler                 0x08000273   Thumb Code     0  startup_stm32f40xx.o(.text)
    TIM2_IRQHandler                          0x08000273   Thumb Code     0  startup_stm32f40xx.o(.text)
    TIM3_IRQHandler                          0x08000273   Thumb Code     0  startup_stm32f40xx.o(.text)
    TIM4_IRQHandler                          0x08000273   Thumb Code     0  startup_stm32f40xx.o(.text)
    TIM5_IRQHandler                          0x08000273   Thumb Code     0  startup_stm32f40xx.o(.text)
    TIM6_DAC_IRQHandler                      0x08000273   Thumb Code     0  startup_stm32f40xx.o(.text)
    TIM7_IRQHandler                          0x08000273   Thumb Code     0  startup_stm32f40xx.o(.text)
    TIM8_BRK_TIM12_IRQHandler                0x08000273   Thumb Code     0  startup_stm32f40xx.o(.text)
    TIM8_CC_IRQHandler                       0x08000273   Thumb Code     0  startup_stm32f40xx.o(.text)
    TIM8_TRG_COM_TIM14_IRQHandler            0x08000273   Thumb Code     0  startup_stm32f40xx.o(.text)
    TIM8_UP_TIM13_IRQHandler                 0x08000273   Thumb Code     0  startup_stm32f40xx.o(.text)
    UART4_IRQHandler                         0x08000273   Thumb Code     0  startup_stm32f40xx.o(.text)
    UART5_IRQHandler                         0x08000273   Thumb Code     0  startup_stm32f40xx.o(.text)
    USART2_IRQHandler                        0x08000273   Thumb Code     0  startup_stm32f40xx.o(.text)
    USART3_IRQHandler                        0x08000273   Thumb Code     0  startup_stm32f40xx.o(.text)
    USART6_IRQHandler                        0x08000273   Thumb Code     0  startup_stm32f40xx.o(.text)
    WWDG_IRQHandler                          0x08000273   Thumb Code     0  startup_stm32f40xx.o(.text)
    __aeabi_memcpy                           0x0800027d   Thumb Code    36  memcpya.o(.text)
    __aeabi_memcpy4                          0x0800027d   Thumb Code     0  memcpya.o(.text)
    __aeabi_memcpy8                          0x0800027d   Thumb Code     0  memcpya.o(.text)
    __aeabi_memset                           0x080002a1   Thumb Code    14  memseta.o(.text)
    __aeabi_memset4                          0x080002a1   Thumb Code     0  memseta.o(.text)
    __aeabi_memset8                          0x080002a1   Thumb Code     0  memseta.o(.text)
    __aeabi_memclr                           0x080002af   Thumb Code     4  memseta.o(.text)
    __aeabi_memclr4                          0x080002af   Thumb Code     0  memseta.o(.text)
    __aeabi_memclr8                          0x080002af   Thumb Code     0  memseta.o(.text)
    _memset$wrapper                          0x080002b3   Thumb Code    18  memseta.o(.text)
    strcasecmp                               0x080002c5   Thumb Code    42  strcasecmp.o(.text)
    __0sscanf                                0x080002f1   Thumb Code    48  __0sscanf.o(.text)
    _scanf_int                               0x08000329   Thumb Code   332  _scanf_int.o(.text)
    _scanf_string                            0x08000475   Thumb Code   224  _scanf_str.o(.text)
    __aeabi_dadd                             0x08000555   Thumb Code   322  dadd.o(.text)
    __aeabi_dsub                             0x08000697   Thumb Code     6  dadd.o(.text)
    __aeabi_drsub                            0x0800069d   Thumb Code     6  dadd.o(.text)
    __aeabi_ddiv                             0x080006a3   Thumb Code   222  ddiv.o(.text)
    __aeabi_uidiv                            0x08000781   Thumb Code     0  uidiv.o(.text)
    __aeabi_uidivmod                         0x08000781   Thumb Code    44  uidiv.o(.text)
    __aeabi_uldivmod                         0x080007ad   Thumb Code    98  uldiv.o(.text)
    __aeabi_llsl                             0x0800080f   Thumb Code    30  llshl.o(.text)
    _ll_shift_l                              0x0800080f   Thumb Code     0  llshl.o(.text)
    __aeabi_lasr                             0x0800082d   Thumb Code    36  llsshr.o(.text)
    _ll_sshift_r                             0x0800082d   Thumb Code     0  llsshr.o(.text)
    tolower                                  0x08000851   Thumb Code    12  tolower.o(.text)
    _chval                                   0x0800085d   Thumb Code    28  _chval.o(.text)
    __vfscanf_char                           0x08000885   Thumb Code    20  scanf_char.o(.text)
    _sgetc                                   0x080008a1   Thumb Code    30  _sgetc.o(.text)
    _sbackspace                              0x080008bf   Thumb Code    34  _sgetc.o(.text)
    __I$use$fp                               0x080008e1   Thumb Code     0  iusefp.o(.text)
    _double_round                            0x080008e1   Thumb Code    30  depilogue.o(.text)
    _double_epilogue                         0x080008ff   Thumb Code   156  depilogue.o(.text)
    __aeabi_dmul                             0x0800099b   Thumb Code   228  dmul.o(.text)
    __aeabi_d2ulz                            0x08000a7f   Thumb Code    48  dfixul.o(.text)
    __aeabi_cdrcmple                         0x08000ab1   Thumb Code    48  cdrcmple.o(.text)
    __scatterload                            0x08000ae1   Thumb Code    28  init.o(.text)
    __scatterload_rt2                        0x08000ae1   Thumb Code     0  init.o(.text)
    __aeabi_llsr                             0x08000b05   Thumb Code    32  llushr.o(.text)
    _ll_ushift_r                             0x08000b05   Thumb Code     0  llushr.o(.text)
    isspace                                  0x08000b25   Thumb Code    10  isspace_c.o(.text)
    __vfscanf                                0x08000b31   Thumb Code   810  _scanf.o(.text)
    __ctype_lookup                           0x08000e61   Thumb Code    34  ctype_c.o(.text)
    ADC_Cmd                                  0x08000e89   Thumb Code    20  stm32f4xx_adc.o(i.ADC_Cmd)
    ADC_CommonInit                           0x08000e9d   Thumb Code    34  stm32f4xx_adc.o(i.ADC_CommonInit)
    ADC_DMACmd                               0x08000ec9   Thumb Code    20  stm32f4xx_adc.o(i.ADC_DMACmd)
    ADC_DMARequestAfterLastTransferCmd       0x08000edd   Thumb Code    20  stm32f4xx_adc.o(i.ADC_DMARequestAfterLastTransferCmd)
    ADC_Init                                 0x08000ef1   Thumb Code    66  stm32f4xx_adc.o(i.ADC_Init)
    ADC_RegularChannelConfig                 0x08000f3d   Thumb Code   116  stm32f4xx_adc.o(i.ADC_RegularChannelConfig)
    ADC_SoftwareStartConv                    0x08000fb1   Thumb Code    10  stm32f4xx_adc.o(i.ADC_SoftwareStartConv)
    ADC_StructInit                           0x08000fbb   Thumb Code    20  stm32f4xx_adc.o(i.ADC_StructInit)
    AT24C02_ReadOneByte                      0x08001055   Thumb Code    70  i2c_eeprom.o(i.AT24C02_ReadOneByte)
    AT24C02_WriteOneByte                     0x0800109b   Thumb Code    72  i2c_eeprom.o(i.AT24C02_WriteOneByte)
    CAN1_RX0_IRQHandler                      0x08001499   Thumb Code    80  can_driver.o(i.CAN1_RX0_IRQHandler)
    CAN_ClearITPendingBit                    0x0800151d   Thumb Code   116  stm32f4xx_can.o(i.CAN_ClearITPendingBit)
    CAN_FilterInit                           0x08001595   Thumb Code   194  stm32f4xx_can.o(i.CAN_FilterInit)
    CAN_GetITStatus                          0x08001661   Thumb Code   162  stm32f4xx_can.o(i.CAN_GetITStatus)
    CAN_ITConfig                             0x08001709   Thumb Code    16  stm32f4xx_can.o(i.CAN_ITConfig)
    CAN_Init                                 0x08001719   Thumb Code   232  stm32f4xx_can.o(i.CAN_Init)
    CAN_Receive                              0x08001801   Thumb Code   142  stm32f4xx_can.o(i.CAN_Receive)
    CANx_Init                                0x08001891   Thumb Code   214  can_driver.o(i.CANx_Init)
    DMA_ClearFlag                            0x0800197d   Thumb Code    32  stm32f4xx_dma.o(i.DMA_ClearFlag)
    DMA_Cmd                                  0x080019a9   Thumb Code    20  stm32f4xx_dma.o(i.DMA_Cmd)
    DMA_DeInit                               0x080019bd   Thumb Code   272  stm32f4xx_dma.o(i.DMA_DeInit)
    DMA_ITConfig                             0x08001ae1   Thumb Code    44  stm32f4xx_dma.o(i.DMA_ITConfig)
    DMA_Init                                 0x08001b0d   Thumb Code    80  stm32f4xx_dma.o(i.DMA_Init)
    DMA_SetCurrDataCounter                   0x08001b61   Thumb Code     4  stm32f4xx_dma.o(i.DMA_SetCurrDataCounter)
    Debug_USART_Config                       0x08001b65   Thumb Code   198  bsp_debug_usart.o(i.Debug_USART_Config)
    EXTI0_IRQHandler                         0x08001c35   Thumb Code    74  stm32f4xx_it.o(i.EXTI0_IRQHandler)
    EXTI15_10_IRQHandler                     0x08001c8d   Thumb Code    76  stm32f4xx_it.o(i.EXTI15_10_IRQHandler)
    EXTI_ClearITPendingBit                   0x08001ce5   Thumb Code     6  stm32f4xx_exti.o(i.EXTI_ClearITPendingBit)
    EXTI_GetITStatus                         0x08001cf1   Thumb Code    16  stm32f4xx_exti.o(i.EXTI_GetITStatus)
    EXTI_Init                                0x08001d05   Thumb Code   108  stm32f4xx_exti.o(i.EXTI_Init)
    EXTI_Key_Config                          0x08001d75   Thumb Code   164  bsp_exti.o(i.EXTI_Key_Config)
    GPIO_Init                                0x08001e21   Thumb Code   120  stm32f4xx_gpio.o(i.GPIO_Init)
    GPIO_PinAFConfig                         0x08001e99   Thumb Code    32  stm32f4xx_gpio.o(i.GPIO_PinAFConfig)
    GPIO_ReadInputDataBit                    0x08001eb9   Thumb Code    14  stm32f4xx_gpio.o(i.GPIO_ReadInputDataBit)
    GPIO_ResetBits                           0x08001ec7   Thumb Code     4  stm32f4xx_gpio.o(i.GPIO_ResetBits)
    GPIO_SetBits                             0x08001ecb   Thumb Code     4  stm32f4xx_gpio.o(i.GPIO_SetBits)
    I2C_Ack                                  0x08001ed1   Thumb Code    56  i2c_eeprom.o(i.I2C_Ack)
    I2C_NAck                                 0x08001f0d   Thumb Code    56  i2c_eeprom.o(i.I2C_NAck)
    I2C_ReadByte                             0x08001f49   Thumb Code   106  i2c_eeprom.o(i.I2C_ReadByte)
    I2C_SendByte                             0x08001fb9   Thumb Code   102  i2c_eeprom.o(i.I2C_SendByte)
    I2C_Soft_Init                            0x08002025   Thumb Code    64  i2c_eeprom.o(i.I2C_Soft_Init)
    I2C_Start                                0x08002069   Thumb Code    72  i2c_eeprom.o(i.I2C_Start)
    I2C_Stop                                 0x080020b5   Thumb Code    64  i2c_eeprom.o(i.I2C_Stop)
    I2C_WaitAck                              0x080020f9   Thumb Code    86  i2c_eeprom.o(i.I2C_WaitAck)
    Key_GPIO_Config                          0x08002155   Thumb Code    50  bsp_key.o(i.Key_GPIO_Config)
    Key_Scan                                 0x08002191   Thumb Code   120  bsp_key.o(i.Key_Scan)
    LED_GPIO_Config                          0x08002295   Thumb Code    84  bsp_led.o(i.LED_GPIO_Config)
    NVIC_Init                                0x08002319   Thumb Code    96  misc.o(i.NVIC_Init)
    NVIC_PriorityGroupConfig                 0x0800237d   Thumb Code    10  misc.o(i.NVIC_PriorityGroupConfig)
    RCC_AHB1PeriphClockCmd                   0x08002391   Thumb Code    18  stm32f4xx_rcc.o(i.RCC_AHB1PeriphClockCmd)
    RCC_AHB2PeriphClockCmd                   0x080023a9   Thumb Code    18  stm32f4xx_rcc.o(i.RCC_AHB2PeriphClockCmd)
    RCC_APB1PeriphClockCmd                   0x080023c1   Thumb Code    18  stm32f4xx_rcc.o(i.RCC_APB1PeriphClockCmd)
    RCC_APB2PeriphClockCmd                   0x080023d9   Thumb Code    18  stm32f4xx_rcc.o(i.RCC_APB2PeriphClockCmd)
    RCC_GetClocksFreq                        0x080023f1   Thumb Code   132  stm32f4xx_rcc.o(i.RCC_GetClocksFreq)
    RNG_Cmd                                  0x08002485   Thumb Code    22  stm32f4xx_rng.o(i.RNG_Cmd)
    Rheostat_Init                            0x0800258d   Thumb Code   100  adc.o(i.Rheostat_Init)
    SYSCFG_EXTILineConfig                    0x080025f9   Thumb Code    42  stm32f4xx_syscfg.o(i.SYSCFG_EXTILineConfig)
    SysTick_Handler                          0x080026dd   Thumb Code    20  stm32f4xx_it.o(i.SysTick_Handler)
    SystemInit                               0x080026f1   Thumb Code    74  system_stm32f4xx.o(i.SystemInit)
    USART1_IRQHandler                        0x0800274d   Thumb Code    50  stm32f4xx_it.o(i.USART1_IRQHandler)
    USART_Cmd                                0x08002785   Thumb Code    20  stm32f4xx_usart.o(i.USART_Cmd)
    USART_DMACmd                             0x08002799   Thumb Code    16  stm32f4xx_usart.o(i.USART_DMACmd)
    USART_GetFlagStatus                      0x080027a9   Thumb Code    14  stm32f4xx_usart.o(i.USART_GetFlagStatus)
    USART_GetITStatus                        0x080027b7   Thumb Code    62  stm32f4xx_usart.o(i.USART_GetITStatus)
    USART_ITConfig                           0x080027f5   Thumb Code    48  stm32f4xx_usart.o(i.USART_ITConfig)
    USART_Init                               0x08002825   Thumb Code   164  stm32f4xx_usart.o(i.USART_Init)
    USART_ReceiveData                        0x080028d1   Thumb Code     8  stm32f4xx_usart.o(i.USART_ReceiveData)
    USART_SendData                           0x080028d9   Thumb Code     8  stm32f4xx_usart.o(i.USART_SendData)
    USARTx_DMA_Config                        0x080028e1   Thumb Code   110  bsp_debug_usart.o(i.USARTx_DMA_Config)
    Uart_DMA_Rx_Data                         0x0800295d   Thumb Code    84  bsp_debug_usart.o(i.Uart_DMA_Rx_Data)
    __0printf                                0x08002a21   Thumb Code    22  printfa.o(i.__0printf)
    __1printf                                0x08002a21   Thumb Code     0  printfa.o(i.__0printf)
    __2printf                                0x08002a21   Thumb Code     0  printfa.o(i.__0printf)
    __c89printf                              0x08002a21   Thumb Code     0  printfa.o(i.__0printf)
    printf                                   0x08002a21   Thumb Code     0  printfa.o(i.__0printf)
    __scatterload_copy                       0x08002a41   Thumb Code    14  handlers.o(i.__scatterload_copy)
    __scatterload_null                       0x08002a4f   Thumb Code     2  handlers.o(i.__scatterload_null)
    __scatterload_zeroinit                   0x08002a51   Thumb Code    14  handlers.o(i.__scatterload_zeroinit)
    delay_ms                                 0x080032eb   Thumb Code    26  delay.o(i.delay_ms)
    delay_us                                 0x08003305   Thumb Code    48  delay.o(i.delay_us)
    fputc                                    0x08003339   Thumb Code    30  bsp_debug_usart.o(i.fputc)
    kf_init                                  0x080033ad   Thumb Code    14  kalman_filter.o(i.kf_init)
    kf_update                                0x080033bb   Thumb Code    58  kalman_filter.o(i.kf_update)
    main                                     0x080033f5   Thumb Code   106  main.o(i.main)
    pvPortMalloc                             0x08003c75   Thumb Code   214  heap_4.o(i.pvPortMalloc)
    pxPortInitialiseStack                    0x08003d89   Thumb Code    40  port.o(i.pxPortInitialiseStack)
    ulTaskNotifyTake                         0x08004109   Thumb Code    96  tasks.o(i.ulTaskNotifyTake)
    uxListRemove                             0x08004171   Thumb Code    36  list.o(i.uxListRemove)
    uxTaskResetEventItemValue                0x08004195   Thumb Code    20  tasks.o(i.uxTaskResetEventItemValue)
    vListInitialise                          0x080041ad   Thumb Code    22  list.o(i.vListInitialise)
    vListInitialiseItem                      0x080041c3   Thumb Code     6  list.o(i.vListInitialiseItem)
    vListInsert                              0x080041c9   Thumb Code    48  list.o(i.vListInsert)
    vListInsertEnd                           0x080041f9   Thumb Code    24  list.o(i.vListInsertEnd)
    vPortEnterCritical                       0x08004211   Thumb Code    50  port.o(i.vPortEnterCritical)
    vPortExitCritical                        0x08004289   Thumb Code    34  port.o(i.vPortExitCritical)
    vPortFree                                0x080042ed   Thumb Code    94  heap_4.o(i.vPortFree)
    vPortSetupTimerInterrupt                 0x08004389   Thumb Code    26  port.o(i.vPortSetupTimerInterrupt)
    vPortValidateInterruptPriority           0x080043a9   Thumb Code    70  port.o(i.vPortValidateInterruptPriority)
    vQueueAddToRegistry                      0x08004435   Thumb Code    32  queue.o(i.vQueueAddToRegistry)
    vQueueWaitForMessageRestricted           0x08004459   Thumb Code    68  queue.o(i.vQueueWaitForMessageRestricted)
    vTaskDelay                               0x0800449d   Thumb Code    62  tasks.o(i.vTaskDelay)
    vTaskDelete                              0x08004511   Thumb Code   152  tasks.o(i.vTaskDelete)
    vTaskKalmanFilter                        0x080045e5   Thumb Code    68  kalman_filter.o(i.vTaskKalmanFilter)
    vTaskMissedYield                         0x08004639   Thumb Code     8  tasks.o(i.vTaskMissedYield)
    vTaskPlaceOnEventList                    0x08004645   Thumb Code    44  tasks.o(i.vTaskPlaceOnEventList)
    vTaskPlaceOnEventListRestricted          0x080046a1   Thumb Code    52  tasks.o(i.vTaskPlaceOnEventListRestricted)
    vTaskPlaceOnUnorderedEventList           0x08004705   Thumb Code    72  tasks.o(i.vTaskPlaceOnUnorderedEventList)
    vTaskSetTimeOutState                     0x0800477d   Thumb Code    30  tasks.o(i.vTaskSetTimeOutState)
    vTaskStartScheduler                      0x080047cd   Thumb Code    96  tasks.o(i.vTaskStartScheduler)
    vTaskSuspendAll                          0x08004869   Thumb Code    10  tasks.o(i.vTaskSuspendAll)
    vTaskSwitchContext                       0x08004879   Thumb Code    80  tasks.o(i.vTaskSwitchContext)
    xEventGroupCreate                        0x080048fd   Thumb Code    26  event_groups.o(i.xEventGroupCreate)
    xEventGroupSetBits                       0x08004919   Thumb Code   132  event_groups.o(i.xEventGroupSetBits)
    xEventGroupWaitBits                      0x080049d1   Thumb Code   240  event_groups.o(i.xEventGroupWaitBits)
    xPortStartScheduler                      0x08004af9   Thumb Code   196  port.o(i.xPortStartScheduler)
    xPortSysTickHandler                      0x08004c0d   Thumb Code    38  port.o(i.xPortSysTickHandler)
    xQueueGenericCreate                      0x08004c39   Thumb Code    68  queue.o(i.xQueueGenericCreate)
    xQueueGenericReceive                     0x08004ca9   Thumb Code   320  queue.o(i.xQueueGenericReceive)
    xQueueGenericReset                       0x08004e19   Thumb Code   128  queue.o(i.xQueueGenericReset)
    xQueueGenericSend                        0x08004ec9   Thumb Code   332  queue.o(i.xQueueGenericSend)
    xQueueGenericSendFromISR                 0x08005045   Thumb Code   174  queue.o(i.xQueueGenericSendFromISR)
    xQueueGiveFromISR                        0x08005121   Thumb Code   144  queue.o(i.xQueueGiveFromISR)
    xTaskCheckForTimeOut                     0x080051dd   Thumb Code    94  tasks.o(i.xTaskCheckForTimeOut)
    xTaskCreate                              0x0800526d   Thumb Code    86  tasks.o(i.xTaskCreate)
    xTaskGenericNotify                       0x080052c5   Thumb Code   184  tasks.o(i.xTaskGenericNotify)
    xTaskGetSchedulerState                   0x080053b5   Thumb Code    22  tasks.o(i.xTaskGetSchedulerState)
    xTaskGetTickCount                        0x080053d1   Thumb Code     6  tasks.o(i.xTaskGetTickCount)
    xTaskIncrementTick                       0x080053dd   Thumb Code   188  tasks.o(i.xTaskIncrementTick)
    xTaskRemoveFromEventList                 0x080054cd   Thumb Code   102  tasks.o(i.xTaskRemoveFromEventList)
    xTaskRemoveFromUnorderedEventList        0x0800556d   Thumb Code   108  tasks.o(i.xTaskRemoveFromUnorderedEventList)
    xTaskResumeAll                           0x0800560d   Thumb Code   180  tasks.o(i.xTaskResumeAll)
    xTimerCreate                             0x080056f9   Thumb Code    74  timers.o(i.xTimerCreate)
    xTimerCreateTimerTask                    0x08005771   Thumb Code    58  timers.o(i.xTimerCreateTimerTask)
    xTimerGenericCommand                     0x080057e9   Thumb Code    98  timers.o(i.xTimerGenericCommand)
    __ctype_categories                       0x0800587c   Data          64  ctype_c.o(.constdata)
    Region$$Table$$Base                      0x080059b4   Number         0  anon$$obj.o(Region$$Table)
    Region$$Table$$Limit                     0x080059d4   Number         0  anon$$obj.o(Region$$Table)
    SystemCoreClock                          0x20000000   Data           4  system_stm32f4xx.o(.data)
    AHBPrescTable                            0x20000004   Data          16  system_stm32f4xx.o(.data)
    Test_Queue                               0x20000040   Data           4  main.o(.data)
    BinarySem_Handle                         0x20000044   Data           4  main.o(.data)
    xQueueUartCommand                        0x20000048   Data           4  main.o(.data)
    xAdcDataQueue                            0x2000004c   Data           4  main.o(.data)
    ADC_ConvertedValue                       0x2000005c   Data           6  adc.o(.data)
    xKalmanTaskHandle                        0x20000064   Data           4  kalman_filter.o(.data)
    pxCurrentTCB                             0x20000068   Data           4  tasks.o(.data)
    __stdout                                 0x200000dc   Data           4  stdout.o(.data)
    ADC_ConvertedValueLocal                  0x200000e0   Data          12  main.o(.bss)
    Usart_Rx_Buf                             0x2000010c   Data         256  bsp_debug_usart.o(.bss)
    xQueueRegistry                           0x2000020c   Data          80  queue.o(.bss)
    __initial_sp                             0x20009968   Data           0  startup_stm32f40xx.o(STACK)



==============================================================================

Memory Map of the image

  Image Entry point : 0x08000189

  Load Region LR_IROM1 (Base: 0x08000000, Size: 0x00005ab4, Max: 0x00100000, ABSOLUTE)

    Execution Region ER_IROM1 (Exec base: 0x08000000, Load base: 0x08000000, Size: 0x000059d4, Max: 0x00100000, ABSOLUTE)

    Exec Addr    Load Addr    Size         Type   Attr      Idx    E Section Name        Object

    0x08000000   0x08000000   0x00000188   Data   RO            3    RESET               startup_stm32f40xx.o
    0x08000188   0x08000188   0x00000000   Code   RO         6342  * .ARM.Collect$$$$00000000  mc_w.l(entry.o)
    0x08000188   0x08000188   0x00000004   Code   RO         6630    .ARM.Collect$$$$00000001  mc_w.l(entry2.o)
    0x0800018c   0x0800018c   0x00000004   Code   RO         6633    .ARM.Collect$$$$00000004  mc_w.l(entry5.o)
    0x08000190   0x08000190   0x00000000   Code   RO         6635    .ARM.Collect$$$$00000008  mc_w.l(entry7b.o)
    0x08000190   0x08000190   0x00000000   Code   RO         6637    .ARM.Collect$$$$0000000A  mc_w.l(entry8b.o)
    0x08000190   0x08000190   0x00000008   Code   RO         6638    .ARM.Collect$$$$0000000B  mc_w.l(entry9a.o)
    0x08000198   0x08000198   0x00000004   Code   RO         6645    .ARM.Collect$$$$0000000E  mc_w.l(entry12b.o)
    0x0800019c   0x0800019c   0x00000000   Code   RO         6640    .ARM.Collect$$$$0000000F  mc_w.l(entry10a.o)
    0x0800019c   0x0800019c   0x00000000   Code   RO         6642    .ARM.Collect$$$$00000011  mc_w.l(entry11a.o)
    0x0800019c   0x0800019c   0x00000004   Code   RO         6631    .ARM.Collect$$$$00002712  mc_w.l(entry2.o)
    0x080001a0   0x080001a0   0x000000b6   Code   RO         6256    .emb_text           port.o
    0x08000256   0x08000256   0x00000002   PAD
    0x08000258   0x08000258   0x00000024   Code   RO            4    .text               startup_stm32f40xx.o
    0x0800027c   0x0800027c   0x00000024   Code   RO         6345    .text               mc_w.l(memcpya.o)
    0x080002a0   0x080002a0   0x00000024   Code   RO         6347    .text               mc_w.l(memseta.o)
    0x080002c4   0x080002c4   0x0000002a   Code   RO         6351    .text               mc_w.l(strcasecmp.o)
    0x080002ee   0x080002ee   0x00000002   PAD
    0x080002f0   0x080002f0   0x00000038   Code   RO         6614    .text               mc_w.l(__0sscanf.o)
    0x08000328   0x08000328   0x0000014c   Code   RO         6616    .text               mc_w.l(_scanf_int.o)
    0x08000474   0x08000474   0x000000e0   Code   RO         6618    .text               mc_w.l(_scanf_str.o)
    0x08000554   0x08000554   0x0000014e   Code   RO         6620    .text               mf_w.l(dadd.o)
    0x080006a2   0x080006a2   0x000000de   Code   RO         6622    .text               mf_w.l(ddiv.o)
    0x08000780   0x08000780   0x0000002c   Code   RO         6647    .text               mc_w.l(uidiv.o)
    0x080007ac   0x080007ac   0x00000062   Code   RO         6649    .text               mc_w.l(uldiv.o)
    0x0800080e   0x0800080e   0x0000001e   Code   RO         6651    .text               mc_w.l(llshl.o)
    0x0800082c   0x0800082c   0x00000024   Code   RO         6653    .text               mc_w.l(llsshr.o)
    0x08000850   0x08000850   0x0000000c   Code   RO         6655    .text               mc_w.l(tolower.o)
    0x0800085c   0x0800085c   0x0000001c   Code   RO         6657    .text               mc_w.l(_chval.o)
    0x08000878   0x08000878   0x00000028   Code   RO         6659    .text               mc_w.l(scanf_char.o)
    0x080008a0   0x080008a0   0x00000040   Code   RO         6661    .text               mc_w.l(_sgetc.o)
    0x080008e0   0x080008e0   0x00000000   Code   RO         6663    .text               mc_w.l(iusefp.o)
    0x080008e0   0x080008e0   0x000000ba   Code   RO         6666    .text               mf_w.l(depilogue.o)
    0x0800099a   0x0800099a   0x000000e4   Code   RO         6668    .text               mf_w.l(dmul.o)
    0x08000a7e   0x08000a7e   0x00000030   Code   RO         6670    .text               mf_w.l(dfixul.o)
    0x08000aae   0x08000aae   0x00000002   PAD
    0x08000ab0   0x08000ab0   0x00000030   Code   RO         6672    .text               mf_w.l(cdrcmple.o)
    0x08000ae0   0x08000ae0   0x00000024   Code   RO         6674    .text               mc_w.l(init.o)
    0x08000b04   0x08000b04   0x00000020   Code   RO         6676    .text               mc_w.l(llushr.o)
    0x08000b24   0x08000b24   0x0000000a   Code   RO         6678    .text               mc_w.l(isspace_c.o)
    0x08000b2e   0x08000b2e   0x00000002   PAD
    0x08000b30   0x08000b30   0x00000330   Code   RO         6680    .text               mc_w.l(_scanf.o)
    0x08000e60   0x08000e60   0x00000028   Code   RO         6682    .text               mc_w.l(ctype_c.o)
    0x08000e88   0x08000e88   0x00000014   Code   RO          213    i.ADC_Cmd           stm32f4xx_adc.o
    0x08000e9c   0x08000e9c   0x0000002c   Code   RO          214    i.ADC_CommonInit    stm32f4xx_adc.o
    0x08000ec8   0x08000ec8   0x00000014   Code   RO          217    i.ADC_DMACmd        stm32f4xx_adc.o
    0x08000edc   0x08000edc   0x00000014   Code   RO          218    i.ADC_DMARequestAfterLastTransferCmd  stm32f4xx_adc.o
    0x08000ef0   0x08000ef0   0x0000004c   Code   RO          233    i.ADC_Init          stm32f4xx_adc.o
    0x08000f3c   0x08000f3c   0x00000074   Code   RO          238    i.ADC_RegularChannelConfig  stm32f4xx_adc.o
    0x08000fb0   0x08000fb0   0x0000000a   Code   RO          240    i.ADC_SoftwareStartConv  stm32f4xx_adc.o
    0x08000fba   0x08000fba   0x00000014   Code   RO          242    i.ADC_StructInit    stm32f4xx_adc.o
    0x08000fce   0x08000fce   0x00000002   PAD
    0x08000fd0   0x08000fd0   0x00000084   Code   RO         4750    i.ADC_Task          main.o
    0x08001054   0x08001054   0x00000046   Code   RO         5128    i.AT24C02_ReadOneByte  i2c_eeprom.o
    0x0800109a   0x0800109a   0x00000048   Code   RO         5130    i.AT24C02_WriteOneByte  i2c_eeprom.o
    0x080010e2   0x080010e2   0x00000002   PAD
    0x080010e4   0x080010e4   0x000003b4   Code   RO         4751    i.AppTaskCreate     main.o
    0x08001498   0x08001498   0x00000084   Code   RO         5352    i.CAN1_RX0_IRQHandler  can_driver.o
    0x0800151c   0x0800151c   0x00000078   Code   RO          455    i.CAN_ClearITPendingBit  stm32f4xx_can.o
    0x08001594   0x08001594   0x000000cc   Code   RO          459    i.CAN_FilterInit    stm32f4xx_can.o
    0x08001660   0x08001660   0x000000a8   Code   RO          461    i.CAN_GetITStatus   stm32f4xx_can.o
    0x08001708   0x08001708   0x00000010   Code   RO          465    i.CAN_ITConfig      stm32f4xx_can.o
    0x08001718   0x08001718   0x000000e8   Code   RO          466    i.CAN_Init          stm32f4xx_can.o
    0x08001800   0x08001800   0x0000008e   Code   RO          469    i.CAN_Receive       stm32f4xx_can.o
    0x0800188e   0x0800188e   0x00000002   PAD
    0x08001890   0x08001890   0x000000e0   Code   RO         5353    i.CANx_Init         can_driver.o
    0x08001970   0x08001970   0x0000000c   Code   RO          477    i.CheckITStatus     stm32f4xx_can.o
    0x0800197c   0x0800197c   0x0000002c   Code   RO         1211    i.DMA_ClearFlag     stm32f4xx_dma.o
    0x080019a8   0x080019a8   0x00000014   Code   RO         1213    i.DMA_Cmd           stm32f4xx_dma.o
    0x080019bc   0x080019bc   0x00000124   Code   RO         1214    i.DMA_DeInit        stm32f4xx_dma.o
    0x08001ae0   0x08001ae0   0x0000002c   Code   RO         1224    i.DMA_ITConfig      stm32f4xx_dma.o
    0x08001b0c   0x08001b0c   0x00000054   Code   RO         1225    i.DMA_Init          stm32f4xx_dma.o
    0x08001b60   0x08001b60   0x00000004   Code   RO         1228    i.DMA_SetCurrDataCounter  stm32f4xx_dma.o
    0x08001b64   0x08001b64   0x000000d0   Code   RO         5020    i.Debug_USART_Config  bsp_debug_usart.o
    0x08001c34   0x08001c34   0x00000058   Code   RO         4894    i.EXTI0_IRQHandler  stm32f4xx_it.o
    0x08001c8c   0x08001c8c   0x00000058   Code   RO         4895    i.EXTI15_10_IRQHandler  stm32f4xx_it.o
    0x08001ce4   0x08001ce4   0x0000000c   Code   RO         1344    i.EXTI_ClearITPendingBit  stm32f4xx_exti.o
    0x08001cf0   0x08001cf0   0x00000014   Code   RO         1348    i.EXTI_GetITStatus  stm32f4xx_exti.o
    0x08001d04   0x08001d04   0x00000070   Code   RO         1349    i.EXTI_Init         stm32f4xx_exti.o
    0x08001d74   0x08001d74   0x000000ac   Code   RO         5103    i.EXTI_Key_Config   bsp_exti.o
    0x08001e20   0x08001e20   0x00000078   Code   RO         1857    i.GPIO_Init         stm32f4xx_gpio.o
    0x08001e98   0x08001e98   0x00000020   Code   RO         1858    i.GPIO_PinAFConfig  stm32f4xx_gpio.o
    0x08001eb8   0x08001eb8   0x0000000e   Code   RO         1861    i.GPIO_ReadInputDataBit  stm32f4xx_gpio.o
    0x08001ec6   0x08001ec6   0x00000004   Code   RO         1864    i.GPIO_ResetBits    stm32f4xx_gpio.o
    0x08001eca   0x08001eca   0x00000004   Code   RO         1865    i.GPIO_SetBits      stm32f4xx_gpio.o
    0x08001ece   0x08001ece   0x00000002   PAD
    0x08001ed0   0x08001ed0   0x0000003c   Code   RO         5131    i.I2C_Ack           i2c_eeprom.o
    0x08001f0c   0x08001f0c   0x0000003c   Code   RO         5132    i.I2C_NAck          i2c_eeprom.o
    0x08001f48   0x08001f48   0x00000070   Code   RO         5133    i.I2C_ReadByte      i2c_eeprom.o
    0x08001fb8   0x08001fb8   0x0000006c   Code   RO         5134    i.I2C_SendByte      i2c_eeprom.o
    0x08002024   0x08002024   0x00000044   Code   RO         5135    i.I2C_Soft_Init     i2c_eeprom.o
    0x08002068   0x08002068   0x0000004c   Code   RO         5136    i.I2C_Start         i2c_eeprom.o
    0x080020b4   0x080020b4   0x00000044   Code   RO         5137    i.I2C_Stop          i2c_eeprom.o
    0x080020f8   0x080020f8   0x0000005c   Code   RO         5138    i.I2C_WaitAck       i2c_eeprom.o
    0x08002154   0x08002154   0x0000003c   Code   RO         4983    i.Key_GPIO_Config   bsp_key.o
    0x08002190   0x08002190   0x00000078   Code   RO         4984    i.Key_Scan          bsp_key.o
    0x08002208   0x08002208   0x0000008c   Code   RO         4752    i.Key_Task          main.o
    0x08002294   0x08002294   0x00000058   Code   RO         4959    i.LED_GPIO_Config   bsp_led.o
    0x080022ec   0x080022ec   0x0000002c   Code   RO         4753    i.LED_Task          main.o
    0x08002318   0x08002318   0x00000064   Code   RO          155    i.NVIC_Init         misc.o
    0x0800237c   0x0800237c   0x00000014   Code   RO          156    i.NVIC_PriorityGroupConfig  misc.o
    0x08002390   0x08002390   0x00000018   Code   RO         2561    i.RCC_AHB1PeriphClockCmd  stm32f4xx_rcc.o
    0x080023a8   0x080023a8   0x00000018   Code   RO         2564    i.RCC_AHB2PeriphClockCmd  stm32f4xx_rcc.o
    0x080023c0   0x080023c0   0x00000018   Code   RO         2570    i.RCC_APB1PeriphClockCmd  stm32f4xx_rcc.o
    0x080023d8   0x080023d8   0x00000018   Code   RO         2573    i.RCC_APB2PeriphClockCmd  stm32f4xx_rcc.o
    0x080023f0   0x080023f0   0x00000094   Code   RO         2582    i.RCC_GetClocksFreq  stm32f4xx_rcc.o
    0x08002484   0x08002484   0x0000001c   Code   RO         2901    i.RNG_Cmd           stm32f4xx_rng.o
    0x080024a0   0x080024a0   0x000000ec   Code   RO         5274    i.Rheostat_ADC_Mode_Config  adc.o
    0x0800258c   0x0800258c   0x0000006c   Code   RO         5275    i.Rheostat_Init     adc.o
    0x080025f8   0x080025f8   0x00000030   Code   RO         3884    i.SYSCFG_EXTILineConfig  stm32f4xx_syscfg.o
    0x08002628   0x08002628   0x000000b4   Code   RO           13    i.SetSysClock       system_stm32f4xx.o
    0x080026dc   0x080026dc   0x00000014   Code   RO         4896    i.SysTick_Handler   stm32f4xx_it.o
    0x080026f0   0x080026f0   0x0000005c   Code   RO           15    i.SystemInit        system_stm32f4xx.o
    0x0800274c   0x0800274c   0x00000038   Code   RO         4897    i.USART1_IRQHandler  stm32f4xx_it.o
    0x08002784   0x08002784   0x00000014   Code   RO         4496    i.USART_Cmd         stm32f4xx_usart.o
    0x08002798   0x08002798   0x00000010   Code   RO         4497    i.USART_DMACmd      stm32f4xx_usart.o
    0x080027a8   0x080027a8   0x0000000e   Code   RO         4499    i.USART_GetFlagStatus  stm32f4xx_usart.o
    0x080027b6   0x080027b6   0x0000003e   Code   RO         4500    i.USART_GetITStatus  stm32f4xx_usart.o
    0x080027f4   0x080027f4   0x00000030   Code   RO         4502    i.USART_ITConfig    stm32f4xx_usart.o
    0x08002824   0x08002824   0x000000ac   Code   RO         4503    i.USART_Init        stm32f4xx_usart.o
    0x080028d0   0x080028d0   0x00000008   Code   RO         4510    i.USART_ReceiveData  stm32f4xx_usart.o
    0x080028d8   0x080028d8   0x00000008   Code   RO         4513    i.USART_SendData    stm32f4xx_usart.o
    0x080028e0   0x080028e0   0x0000007c   Code   RO         5021    i.USARTx_DMA_Config  bsp_debug_usart.o
    0x0800295c   0x0800295c   0x00000068   Code   RO         5022    i.Uart_DMA_Rx_Data  bsp_debug_usart.o
    0x080029c4   0x080029c4   0x0000005c   Code   RO         4754    i.Uart_Task         main.o
    0x08002a20   0x08002a20   0x00000020   Code   RO         6586    i.__0printf         mc_w.l(printfa.o)
    0x08002a40   0x08002a40   0x0000000e   Code   RO         6687    i.__scatterload_copy  mc_w.l(handlers.o)
    0x08002a4e   0x08002a4e   0x00000002   Code   RO         6688    i.__scatterload_null  mc_w.l(handlers.o)
    0x08002a50   0x08002a50   0x0000000e   Code   RO         6689    i.__scatterload_zeroinit  mc_w.l(handlers.o)
    0x08002a5e   0x08002a5e   0x00000002   PAD
    0x08002a60   0x08002a60   0x00000184   Code   RO         6593    i._fp_digits        mc_w.l(printfa.o)
    0x08002be4   0x08002be4   0x000006b4   Code   RO         6594    i._printf_core      mc_w.l(printfa.o)
    0x08003298   0x08003298   0x00000024   Code   RO         6595    i._printf_post_padding  mc_w.l(printfa.o)
    0x080032bc   0x080032bc   0x0000002e   Code   RO         6596    i._printf_pre_padding  mc_w.l(printfa.o)
    0x080032ea   0x080032ea   0x0000001a   Code   RO         5237    i.delay_ms          delay.o
    0x08003304   0x08003304   0x00000034   Code   RO         5238    i.delay_us          delay.o
    0x08003338   0x08003338   0x00000024   Code   RO         5027    i.fputc             bsp_debug_usart.o
    0x0800335c   0x0800335c   0x00000050   Code   RO         4985    i.key_find_slot     bsp_key.o
    0x080033ac   0x080033ac   0x0000000e   Code   RO         5306    i.kf_init           kalman_filter.o
    0x080033ba   0x080033ba   0x0000003a   Code   RO         5307    i.kf_update         kalman_filter.o
    0x080033f4   0x080033f4   0x000000bc   Code   RO         4755    i.main              main.o
    0x080034b0   0x080034b0   0x00000070   Code   RO         5765    i.prvAddCurrentTaskToDelayedList  tasks.o
    0x08003520   0x08003520   0x000000d0   Code   RO         5766    i.prvAddNewTaskToReadyList  tasks.o
    0x080035f0   0x080035f0   0x00000050   Code   RO         6063    i.prvCheckForValidListAndQueue  timers.o
    0x08003640   0x08003640   0x00000054   Code   RO         5767    i.prvCheckTasksWaitingTermination  tasks.o
    0x08003694   0x08003694   0x00000026   Code   RO         5612    i.prvCopyDataFromQueue  queue.o
    0x080036ba   0x080036ba   0x0000005a   Code   RO         5613    i.prvCopyDataToQueue  queue.o
    0x08003714   0x08003714   0x00000014   Code   RO         5768    i.prvDeleteTCB      tasks.o
    0x08003728   0x08003728   0x0000004c   Code   RO         6195    i.prvHeapInit       heap_4.o
    0x08003774   0x08003774   0x00000028   Code   RO         5769    i.prvIdleTask       tasks.o
    0x0800379c   0x0800379c   0x000000b8   Code   RO         5770    i.prvInitialiseNewTask  tasks.o
    0x08003854   0x08003854   0x0000004c   Code   RO         6196    i.prvInsertBlockIntoFreeList  heap_4.o
    0x080038a0   0x080038a0   0x00000038   Code   RO         6064    i.prvInsertTimerInActiveList  timers.o
    0x080038d8   0x080038d8   0x0000001a   Code   RO         5614    i.prvIsQueueEmpty   queue.o
    0x080038f2   0x080038f2   0x00000002   PAD
    0x080038f4   0x080038f4   0x00000060   Code   RO         6065    i.prvProcessExpiredTimer  timers.o
    0x08003954   0x08003954   0x000000f4   Code   RO         6066    i.prvProcessReceivedCommands  timers.o
    0x08003a48   0x08003a48   0x0000006c   Code   RO         6067    i.prvProcessTimerOrBlockTask  timers.o
    0x08003ab4   0x08003ab4   0x00000020   Code   RO         5771    i.prvResetNextTaskUnblockTime  tasks.o
    0x08003ad4   0x08003ad4   0x00000028   Code   RO         6068    i.prvSampleTimeNow  timers.o
    0x08003afc   0x08003afc   0x0000006c   Code   RO         6069    i.prvSwitchTimerLists  timers.o
    0x08003b68   0x08003b68   0x00000064   Code   RO         6257    i.prvTaskExitError  port.o
    0x08003bcc   0x08003bcc   0x00000014   Code   RO         5470    i.prvTestWaitCondition  event_groups.o
    0x08003be0   0x08003be0   0x00000028   Code   RO         6070    i.prvTimerTask      timers.o
    0x08003c08   0x08003c08   0x0000006a   Code   RO         5615    i.prvUnlockQueue    queue.o
    0x08003c72   0x08003c72   0x00000002   PAD
    0x08003c74   0x08003c74   0x00000114   Code   RO         6197    i.pvPortMalloc      heap_4.o
    0x08003d88   0x08003d88   0x0000002c   Code   RO         6258    i.pxPortInitialiseStack  port.o
    0x08003db4   0x08003db4   0x00000354   Code   RO         4756    i.task_parse_and_execute_command  main.o
    0x08004108   0x08004108   0x00000068   Code   RO         5773    i.ulTaskNotifyTake  tasks.o
    0x08004170   0x08004170   0x00000024   Code   RO         5563    i.uxListRemove      list.o
    0x08004194   0x08004194   0x00000018   Code   RO         5777    i.uxTaskResetEventItemValue  tasks.o
    0x080041ac   0x080041ac   0x00000016   Code   RO         5564    i.vListInitialise   list.o
    0x080041c2   0x080041c2   0x00000006   Code   RO         5565    i.vListInitialiseItem  list.o
    0x080041c8   0x080041c8   0x00000030   Code   RO         5566    i.vListInsert       list.o
    0x080041f8   0x080041f8   0x00000018   Code   RO         5567    i.vListInsertEnd    list.o
    0x08004210   0x08004210   0x00000078   Code   RO         6260    i.vPortEnterCritical  port.o
    0x08004288   0x08004288   0x00000064   Code   RO         6261    i.vPortExitCritical  port.o
    0x080042ec   0x080042ec   0x0000009c   Code   RO         6198    i.vPortFree         heap_4.o
    0x08004388   0x08004388   0x00000020   Code   RO         6262    i.vPortSetupTimerInterrupt  port.o
    0x080043a8   0x080043a8   0x0000008c   Code   RO         6263    i.vPortValidateInterruptPriority  port.o
    0x08004434   0x08004434   0x00000024   Code   RO         5619    i.vQueueAddToRegistry  queue.o
    0x08004458   0x08004458   0x00000044   Code   RO         5622    i.vQueueWaitForMessageRestricted  queue.o
    0x0800449c   0x0800449c   0x00000074   Code   RO         5778    i.vTaskDelay        tasks.o
    0x08004510   0x08004510   0x000000d4   Code   RO         5780    i.vTaskDelete       tasks.o
    0x080045e4   0x080045e4   0x00000054   Code   RO         5308    i.vTaskKalmanFilter  kalman_filter.o
    0x08004638   0x08004638   0x0000000c   Code   RO         5782    i.vTaskMissedYield  tasks.o
    0x08004644   0x08004644   0x0000005c   Code   RO         5784    i.vTaskPlaceOnEventList  tasks.o
    0x080046a0   0x080046a0   0x00000064   Code   RO         5785    i.vTaskPlaceOnEventListRestricted  tasks.o
    0x08004704   0x08004704   0x00000078   Code   RO         5786    i.vTaskPlaceOnUnorderedEventList  tasks.o
    0x0800477c   0x0800477c   0x00000050   Code   RO         5789    i.vTaskSetTimeOutState  tasks.o
    0x080047cc   0x080047cc   0x0000009c   Code   RO         5790    i.vTaskStartScheduler  tasks.o
    0x08004868   0x08004868   0x00000010   Code   RO         5792    i.vTaskSuspendAll   tasks.o
    0x08004878   0x08004878   0x00000084   Code   RO         5793    i.vTaskSwitchContext  tasks.o
    0x080048fc   0x080048fc   0x0000001a   Code   RO         5475    i.xEventGroupCreate  event_groups.o
    0x08004916   0x08004916   0x00000002   PAD
    0x08004918   0x08004918   0x000000b8   Code   RO         5477    i.xEventGroupSetBits  event_groups.o
    0x080049d0   0x080049d0   0x00000128   Code   RO         5479    i.xEventGroupWaitBits  event_groups.o
    0x08004af8   0x08004af8   0x00000114   Code   RO         6264    i.xPortStartScheduler  port.o
    0x08004c0c   0x08004c0c   0x0000002c   Code   RO         6265    i.xPortSysTickHandler  port.o
    0x08004c38   0x08004c38   0x00000070   Code   RO         5623    i.xQueueGenericCreate  queue.o
    0x08004ca8   0x08004ca8   0x00000170   Code   RO         5624    i.xQueueGenericReceive  queue.o
    0x08004e18   0x08004e18   0x000000b0   Code   RO         5625    i.xQueueGenericReset  queue.o
    0x08004ec8   0x08004ec8   0x0000017c   Code   RO         5626    i.xQueueGenericSend  queue.o
    0x08005044   0x08005044   0x000000dc   Code   RO         5627    i.xQueueGenericSendFromISR  queue.o
    0x08005120   0x08005120   0x000000bc   Code   RO         5628    i.xQueueGiveFromISR  queue.o
    0x080051dc   0x080051dc   0x00000090   Code   RO         5794    i.xTaskCheckForTimeOut  tasks.o
    0x0800526c   0x0800526c   0x00000056   Code   RO         5795    i.xTaskCreate       tasks.o
    0x080052c2   0x080052c2   0x00000002   PAD
    0x080052c4   0x080052c4   0x000000f0   Code   RO         5796    i.xTaskGenericNotify  tasks.o
    0x080053b4   0x080053b4   0x0000001c   Code   RO         5798    i.xTaskGetSchedulerState  tasks.o
    0x080053d0   0x080053d0   0x0000000c   Code   RO         5799    i.xTaskGetTickCount  tasks.o
    0x080053dc   0x080053dc   0x000000f0   Code   RO         5801    i.xTaskIncrementTick  tasks.o
    0x080054cc   0x080054cc   0x000000a0   Code   RO         5804    i.xTaskRemoveFromEventList  tasks.o
    0x0800556c   0x0800556c   0x000000a0   Code   RO         5805    i.xTaskRemoveFromUnorderedEventList  tasks.o
    0x0800560c   0x0800560c   0x000000ec   Code   RO         5806    i.xTaskResumeAll    tasks.o
    0x080056f8   0x080056f8   0x00000078   Code   RO         6073    i.xTimerCreate      timers.o
    0x08005770   0x08005770   0x00000078   Code   RO         6074    i.xTimerCreateTimerTask  timers.o
    0x080057e8   0x080057e8   0x00000094   Code   RO         6075    i.xTimerGenericCommand  timers.o
    0x0800587c   0x0800587c   0x00000040   Data   RO         6683    .constdata          mc_w.l(ctype_c.o)
    0x080058bc   0x080058bc   0x000000f7   Data   RO         4758    .conststring        main.o
    0x080059b3   0x080059b3   0x00000001   PAD
    0x080059b4   0x080059b4   0x00000020   Data   RO         6685    Region$$Table       anon$$obj.o


    Execution Region RW_IRAM1 (Exec base: 0x20000000, Load base: 0x080059d4, Size: 0x00009968, Max: 0x00020000, ABSOLUTE)

    Exec Addr    Load Addr    Size         Type   Attr      Idx    E Section Name        Object

    0x20000000   0x080059d4   0x00000014   Data   RW           16    .data               system_stm32f4xx.o
    0x20000014   0x080059e8   0x00000010   Data   RW         2614    .data               stm32f4xx_rcc.o
    0x20000024   0x080059f8   0x0000002c   Data   RW         4760    .data               main.o
    0x20000050   0x08005a24   0x00000008   Data   RW         4898    .data               stm32f4xx_it.o
    0x20000058   0x08005a2c   0x00000004   Data   RW         5239    .data               delay.o
    0x2000005c   0x08005a30   0x00000006   Data   RW         5276    .data               adc.o
    0x20000062   0x08005a36   0x00000002   PAD
    0x20000064   0x08005a38   0x00000004   Data   RW         5309    .data               kalman_filter.o
    0x20000068   0x08005a3c   0x0000003c   Data   RW         5809    .data               tasks.o
    0x200000a4   0x08005a78   0x00000014   Data   RW         6083    .data               timers.o
    0x200000b8   0x08005a8c   0x00000018   Data   RW         6203    .data               heap_4.o
    0x200000d0   0x08005aa4   0x0000000c   Data   RW         6266    .data               port.o
    0x200000dc   0x08005ab0   0x00000004   Data   RW         6646    .data               mc_w.l(stdout.o)
    0x200000e0        -       0x0000000c   Zero   RW         4757    .bss                main.o
    0x200000ec        -       0x00000020   Zero   RW         4986    .bss                bsp_key.o
    0x2000010c        -       0x00000100   Zero   RW         5028    .bss                bsp_debug_usart.o
    0x2000020c        -       0x00000050   Zero   RW         5633    .bss                queue.o
    0x2000025c        -       0x000002e4   Zero   RW         5808    .bss                tasks.o
    0x20000540        -       0x00000028   Zero   RW         6082    .bss                timers.o
    0x20000568        -       0x00009000   Zero   RW         6202    .bss                heap_4.o
    0x20009568        -       0x00000400   Zero   RW            1    STACK               startup_stm32f40xx.o


==============================================================================

Image component sizes


      Code (inc. data)   RO Data    RW Data    ZI Data      Debug   Object Name

       344         20          0          6          0       1949   adc.o
       472         50          0          0        256       4793   bsp_debug_usart.o
       172          8          0          0          0       1070   bsp_exti.o
       260         22          0          0         32       2953   bsp_key.o
        88          4          0          0          0        590   bsp_led.o
       356         62          0          0          0       1442   can_driver.o
        78          4          0          4          0       1414   delay.o
       526        108          0          0          0       6859   event_groups.o
       584        138          0         24      36864       4059   heap_4.o
       786         38          0          0          0       6213   i2c_eeprom.o
       156         16          0          4          0       3238   kalman_filter.o
       136          0          0          0          0       3226   list.o
      2396       1444        247         44         12      24237   main.o
       120         14          0          0          0       1751   misc.o
      1038        382          0         12          0      10697   port.o
      1808        282          0          0         80      13437   queue.o
        36          8        392          0       1024        960   startup_stm32f40xx.o
       326         20          0          0          0       6688   stm32f4xx_adc.o
       894         20          0          0          0       6511   stm32f4xx_can.o
       488         36          0          0          0       5618   stm32f4xx_dma.o
       144         14          0          0          0       2464   stm32f4xx_exti.o
       174          0          0          0          0       3923   stm32f4xx_gpio.o
       252         32          0          8          0      11818   stm32f4xx_it.o
       244         40          0         16          0       5780   stm32f4xx_rcc.o
        28          6          0          0          0        590   stm32f4xx_rng.o
        48          6          0          0          0        732   stm32f4xx_syscfg.o
       348          8          0          0          0       6848   stm32f4xx_usart.o
       272         36          0         20          0     311449   system_stm32f4xx.o
      3150        884          0         60        740      31535   tasks.o
      1160        276          0         20         40      10022   timers.o

    ----------------------------------------------------------------------
     16902       3978        672        220      39048     492866   Object Totals
         0          0         32          0          0          0   (incl. Generated)
        18          0          1          2          0          0   (incl. Padding)

    ----------------------------------------------------------------------

      Code (inc. data)   RO Data    RW Data    ZI Data      Debug   Library Member Name

        56          8          0          0          0         84   __0sscanf.o
        28          0          0          0          0         68   _chval.o
       816          6          0          0          0        112   _scanf.o
       332          0          0          0          0         96   _scanf_int.o
       224          0          0          0          0         96   _scanf_str.o
        64          0          0          0          0         84   _sgetc.o
        40          6         64          0          0         68   ctype_c.o
         0          0          0          0          0          0   entry.o
         0          0          0          0          0          0   entry10a.o
         0          0          0          0          0          0   entry11a.o
         4          0          0          0          0          0   entry12b.o
         8          4          0          0          0          0   entry2.o
         4          0          0          0          0          0   entry5.o
         0          0          0          0          0          0   entry7b.o
         0          0          0          0          0          0   entry8b.o
         8          4          0          0          0          0   entry9a.o
        30          0          0          0          0          0   handlers.o
        36          8          0          0          0         68   init.o
        10          0          0          0          0         68   isspace_c.o
         0          0          0          0          0          0   iusefp.o
        30          0          0          0          0         68   llshl.o
        36          0          0          0          0         68   llsshr.o
        32          0          0          0          0         68   llushr.o
        36          0          0          0          0         68   memcpya.o
        36          0          0          0          0        108   memseta.o
      2218         90          0          0          0        464   printfa.o
        40          8          0          0          0         84   scanf_char.o
         0          0          0          4          0          0   stdout.o
        42          0          0          0          0         84   strcasecmp.o
        12          0          0          0          0         68   tolower.o
        44          0          0          0          0         80   uidiv.o
        98          0          0          0          0         92   uldiv.o
        48          0          0          0          0         68   cdrcmple.o
       334          0          0          0          0        148   dadd.o
       222          0          0          0          0        100   ddiv.o
       186          0          0          0          0        176   depilogue.o
        48          0          0          0          0         68   dfixul.o
       228          0          0          0          0         96   dmul.o

    ----------------------------------------------------------------------
      5358        134         64          4          0       2652   Library Totals
         8          0          0          0          0          0   (incl. Padding)

    ----------------------------------------------------------------------

      Code (inc. data)   RO Data    RW Data    ZI Data      Debug   Library Name

      4284        134         64          4          0       1996   mc_w.l
      1066          0          0          0          0        656   mf_w.l

    ----------------------------------------------------------------------
      5358        134         64          4          0       2652   Library Totals

    ----------------------------------------------------------------------

==============================================================================


      Code (inc. data)   RO Data    RW Data    ZI Data      Debug   

     22260       4112        736        224      39048     479170   Grand Totals
     22260       4112        736        224      39048     479170   ELF Image Totals
     22260       4112        736        224          0          0   ROM Totals

==============================================================================

    Total RO  Size (Code + RO Data)                22996 (  22.46kB)
    Total RW  Size (RW Data + ZI Data)             39272 (  38.35kB)
    Total ROM Size (Code + RO Data + RW Data)      23220 (  22.68kB)

==============================================================================

